Archive member included to satisfy reference by file (symbol)

/opt/devkitpro/libnx/lib/libnx.a(applet.o)
                              main.o (appletMainLoop)
/opt/devkitpro/libnx/lib/libnx.a(hosversion.o)
                              /opt/devkitpro/libnx/lib/libnx.a(applet.o) (hosversionGet)
/opt/devkitpro/libnx/lib/libnx.a(env.o)
                              /opt/devkitpro/libnx/lib/libnx.a(applet.o) (envIsNso)
/opt/devkitpro/libnx/lib/libnx.a(pad.o)
                              main.o (padConfigureInput)
/opt/devkitpro/libnx/lib/libnx.a(diag.o)
                              /opt/devkitpro/libnx/lib/libnx.a(applet.o) (diagAbortWithResult)
/opt/devkitpro/libnx/lib/libnx.a(console.o)
                              main.o (consoleInit)
/opt/devkitpro/libnx/lib/libnx.a(console_sw.o)
                              /opt/devkitpro/libnx/lib/libnx.a(console.o) (getDefaultConsoleRenderer)
/opt/devkitpro/libnx/lib/libnx.a(svc.o)
                              /opt/devkitpro/libnx/lib/libnx.a(applet.o) (svcExitProcess)
/opt/devkitpro/libnx/lib/libnx.a(switch_crt0.o)
                              (_start)
/opt/devkitpro/libnx/lib/libnx.a(default_font.bin.o)
                              /opt/devkitpro/libnx/lib/libnx.a(console.o) (default_font_bin)
/opt/devkitpro/libnx/lib/libnx.a(wait.o)
                              /opt/devkitpro/libnx/lib/libnx.a(applet.o) (waitObjects)
/opt/devkitpro/libnx/lib/libnx.a(tmem.o)
                              /opt/devkitpro/libnx/lib/libnx.a(applet.o) (tmemCreate)
/opt/devkitpro/libnx/lib/libnx.a(mutex.o)
                              /opt/devkitpro/libnx/lib/libnx.a(applet.o) (mutexLock)
/opt/devkitpro/libnx/lib/libnx.a(virtmem.o)
                              /opt/devkitpro/libnx/lib/libnx.a(tmem.o) (virtmemLock)
/opt/devkitpro/libnx/lib/libnx.a(event.o)
                              /opt/devkitpro/libnx/lib/libnx.a(applet.o) (eventLoadRemote)
/opt/devkitpro/libnx/lib/libnx.a(random.o)
                              /opt/devkitpro/libnx/lib/libnx.a(virtmem.o) (randomGet64)
/opt/devkitpro/libnx/lib/libnx.a(apm.o)
                              /opt/devkitpro/libnx/lib/libnx.a(applet.o) (apmInitialize)
/opt/devkitpro/libnx/lib/libnx.a(sm.o)
                              /opt/devkitpro/libnx/lib/libnx.a(env.o) (smAddOverrideHandle)
/opt/devkitpro/libnx/lib/libnx.a(hid.o)
                              /opt/devkitpro/libnx/lib/libnx.a(pad.o) (hidGetNpadStyleSet)
/opt/devkitpro/libnx/lib/libnx.a(framebuffer.o)
                              /opt/devkitpro/libnx/lib/libnx.a(console_sw.o) (framebufferMakeLinear)
/opt/devkitpro/libnx/lib/libnx.a(default_window.o)
                              /opt/devkitpro/libnx/lib/libnx.a(console_sw.o) (nwindowGetDefault)
/opt/devkitpro/libnx/lib/libnx.a(native_window.o)
                              /opt/devkitpro/libnx/lib/libnx.a(framebuffer.o) (nwindowIsValid)
/opt/devkitpro/libnx/lib/libnx.a(dynamic.o)
                              /opt/devkitpro/libnx/lib/libnx.a(switch_crt0.o) (__nx_dynamic)
/opt/devkitpro/libnx/lib/libnx.a(init.o)
                              /opt/devkitpro/libnx/lib/libnx.a(switch_crt0.o) (__libnx_init)
/opt/devkitpro/libnx/lib/libnx.a(alloc.o)
                              /opt/devkitpro/libnx/lib/libnx.a(virtmem.o) (__libnx_alloc)
/opt/devkitpro/libnx/lib/libnx.a(newlib.o)
                              /opt/devkitpro/libnx/lib/libnx.a(init.o) (__libnx_init_time)
/opt/devkitpro/libnx/lib/libnx.a(argv.o)
                              /opt/devkitpro/libnx/lib/libnx.a(init.o) (argvSetup)
/opt/devkitpro/libnx/lib/libnx.a(fs_dev.o)
                              /opt/devkitpro/libnx/lib/libnx.a(init.o) (fsdevMountSdmc)
/opt/devkitpro/libnx/lib/libnx.a(decode_utf8.o)
                              /opt/devkitpro/libnx/lib/libnx.a(fs_dev.o) (decode_utf8)
/opt/devkitpro/libnx/lib/libnx.a(cache.o)
                              /opt/devkitpro/libnx/lib/libnx.a(framebuffer.o) (armDCacheFlush)
/opt/devkitpro/libnx/lib/libnx.a(exception.o)
                              /opt/devkitpro/libnx/lib/libnx.a(switch_crt0.o) (__libnx_exception_entry)
/opt/devkitpro/libnx/lib/libnx.a(readtp.o)
                              /opt/devkitpro/libnx/lib/libnx.a(fs_dev.o) (__aarch64_read_tp)
/opt/devkitpro/libnx/lib/libnx.a(shmem.o)
                              /opt/devkitpro/libnx/lib/libnx.a(hid.o) (shmemLoadRemote)
/opt/devkitpro/libnx/lib/libnx.a(condvar.o)
                              /opt/devkitpro/libnx/lib/libnx.a(newlib.o) (condvarWaitTimeout)
/opt/devkitpro/libnx/lib/libnx.a(thread.o)
                              /opt/devkitpro/libnx/lib/libnx.a(init.o) (__libnx_init_thread)
/opt/devkitpro/libnx/lib/libnx.a(vi.o)
                              /opt/devkitpro/libnx/lib/libnx.a(default_window.o) (viInitialize)
/opt/devkitpro/libnx/lib/libnx.a(set.o)
                              /opt/devkitpro/libnx/lib/libnx.a(init.o) (setsysInitialize)
/opt/devkitpro/libnx/lib/libnx.a(fs.o)
[...]
Memory Configuration

Name             Origin             Length             Attributes
*default*        0x0000000000000000 0xffffffffffffffff

Linker script and memory map

                0x0000000000000000                PROVIDE (__start__ = 0x0)
                0x0000000000000000                . = __start__
                0x0000000000000000                __code_start = .

.crt0           0x0000000000000000      0x140
 *(.crt0)
 .crt0          0x0000000000000000      0x140 /opt/devkitpro/libnx/lib/libnx.a(switch_crt0.o)
                0x0000000000000000                _start
                0x0000000000000108                __nx_exit
                0x0000000000000118                __nx_mod0
                0x0000000000000140                . = ALIGN (0x8)

.init           0x0000000000000140       0x38
 *(.init)
 .init          0x0000000000000140       0x18 /opt/devkitpro/devkitA64/bin/../lib/gcc/aarch64-none-elf/11.1.0/pic/crti.o
                0x0000000000000140                _init
 .init          0x0000000000000158       0x1c /opt/devkitpro/devkitA64/bin/../lib/gcc/aarch64-none-elf/11.1.0/pic/crtn.o
                0x0000000000000178                . = ALIGN (0x8)
 *fill*         0x0000000000000174        0x4 

.plt            0x0000000000000178        0x0
 *(.plt)
 .plt           0x0000000000000178        0x0 /opt/devkitpro/devkitA64/bin/../lib/gcc/aarch64-none-elf/11.1.0/pic/crti.o
 *(.iplt)
                0x0000000000000178                . = ALIGN (0x8)

.text           0x0000000000000180    0x2af90
 *(.text.unlikely .text.*_unlikely .text.unlikely.*)
 *(.text.exit .text.exit.*)
 .text.exit     0x0000000000000180       0x38 /opt/devkitpro/devkitA64/bin/../lib/gcc/aarch64-none-elf/11.1.0/../../../../aarch64-none-elf/lib/pic/libg.a(lib_a-exit.o)
                0x0000000000000180                exit
 *(.text.startup .text.startup.*)
 *fill*         0x00000000000001b8        0x8 
 .text.startup.main
                0x00000000000001c0      0x280 main.o
                0x00000000000001c0                main
 *(.text.hot .text.hot.*)
 *(.text .stub .text.* .gnu.linkonce.t.*)
 .text.__do_global_dtors_aux
                0x0000000000000440       0x44 /opt/devkitpro/devkitA64/bin/../lib/gcc/aarch64-none-elf/11.1.0/pic/crtbegin.o
 *fill*         0x0000000000000484        0xc 
 .text.frame_dummy
                0x0000000000000490       0x24 /opt/devkitpro/devkitA64/bin/../lib/gcc/aarch64-none-elf/11.1.0/pic/crtbegin.o
 *fill*         0x00000000000004b4        0xc 
 .text._appletInfiniteSleepLoop
                0x00000000000004c0       0x24 /opt/devkitpro/libnx/lib/libnx.a(applet.o)
 *fill*         0x00000000000004e4        0xc 
 .text._appletCmdGetSession
                0x00000000000004f0      0x108 /opt/devkitpro/libnx/lib/libnx.a(applet.o)
 *fill*         0x00000000000005f8        0x8 
 .text._appletCmdInU8NoOut
                0x0000000000000600       0xcc /opt/devkitpro/libnx/lib/libnx.a(applet.o)
 *fill*         0x00000000000006cc        0x4 
 .text._appletGetLaunchReason
                0x00000000000006d0      0x104 /opt/devkitpro/libnx/lib/libnx.a(applet.o)
 *fill*         0x00000000000007d4        0xc 
 .text._appletSetFocusHandlingMode
                0x00000000000007e0       0xe4 /opt/devkitpro/libnx/lib/libnx.a(applet.o)
 *fill*         0x00000000000008c4        0xc 
 .text._appletCmdInU32NoOut
                0x00000000000008d0       0xcc /opt/devkitpro/libnx/lib/libnx.a(applet.o)
 *fill*         0x000000000000099c        0x4 
 .text._appletGetSessionProxy.constprop.0
                0x00000000000009a0      0x138 /opt/devkitpro/libnx/lib/libnx.a(applet.o)
 *fill*         0x0000000000000ad8        0x8 
 .text._appletOpenLibraryAppletProxy.constprop.0
                0x0000000000000ae0      0x154 /opt/devkitpro/libnx/lib/libnx.a(applet.o)
 *fill*         0x0000000000000c34        0xc 
 .text._appletCmdGetHandle.constprop.0.isra.0
                0x0000000000000c40       0xd0 /opt/devkitpro/libnx/lib/libnx.a(applet.o)
 .text._appletCmdNoInOutU8.isra.0
                0x0000000000000d10       0xd4 /opt/devkitpro/libnx/lib/libnx.a(applet.o)
 *fill*         0x0000000000000de4        0xc 
 .text._appletCmdNoInOutU32.isra.0
                0x0000000000000df0       0xd4 /opt/devkitpro/libnx/lib/libnx.a(applet.o)
 *fill*         0x0000000000000ec4        0xc 
 .text._appletCmdNoInOutU64.isra.0
                0x0000000000000ed0       0xd4 /opt/devkitpro/libnx/lib/libnx.a(applet.o)
 *fill*         0x0000000000000fa4        0xc 
 .text._appletCmdNoIO.isra.0
                0x0000000000000fb0       0xc0 /opt/devkitpro/libnx/lib/libnx.a(applet.o)
 .text.appletGetAppletType
                0x0000000000001070       0x10 /opt/devkitpro/libnx/lib/libnx.a(applet.o)
                0x0000000000001070                appletGetAppletType
 .text.appletSetFocusHandlingMode
                0x0000000000001080      0x118 /opt/devkitpro/libnx/lib/libnx.a(applet.o)
                0x0000000000001080                appletSetFocusHandlingMode
 *fill*         0x0000000000001198        0x8 
 .text.appletSetCpuBoostMode
                0x00000000000011a0       0x5c /opt/devkitpro/libnx/lib/libnx.a(applet.o)
                0x00000000000011a0                appletSetCpuBoostMode
 *fill*         0x00000000000011fc        0x4 
 .text.appletCreateManagedDisplayLayer
                0x0000000000001200       0x2c /opt/devkitpro/libnx/lib/libnx.a(applet.o)
                0x0000000000001200                appletCreateManagedDisplayLayer
 *fill*         0x000000000000122c        0x4 
 .text.appletGetAppletResourceUserId
                0x0000000000001230        0xc /opt/devkitpro/libnx/lib/libnx.a(applet.o)
                0x0000000000001230                appletGetAppletResourceUserId
 *fill*         0x000000000000123c        0x4 
 .text._appletGetIndirectLayerConsumerHandle
                0x0000000000001240       0xf8 /opt/devkitpro/libnx/lib/libnx.a(applet.o)
 *fill*         0x0000000000001338        0x8 
 .text._appletHolderCreateState
                0x0000000000001340       0x88 /opt/devkitpro/libnx/lib/libnx.a(applet.o)
 *fill*         0x00000000000013c8        0x8 
 .text.appletHolderClose
                0x00000000000013d0       0xa8 /opt/devkitpro/libnx/lib/libnx.a(applet.o)
                0x00000000000013d0                appletHolderClose
 *fill*         0x0000000000001478        0x8 
 .text.appletHolderGetLibraryAppletInfo
                0x0000000000001480       0x24 /opt/devkitpro/libnx/lib/libnx.a(applet.o)
                0x0000000000001480                appletHolderGetLibraryAppletInfo
 *fill*         0x00000000000014a4        0xc 
 .text.appletNotifyRunning
                0x00000000000014b0       0x90 /opt/devkitpro/libnx/lib/libnx.a(applet.o)
                0x00000000000014b0                appletNotifyRunning
 .text.appletSetGamePlayRecordingState
                0x0000000000001540       0x8c /opt/devkitpro/libnx/lib/libnx.a(applet.o)
                0x0000000000001540                appletSetGamePlayRecordingState
 *fill*         0x00000000000015cc        0x4 
 .text._appletCleanup
                0x00000000000015d0      0xac0 /opt/devkitpro/libnx/lib/libnx.a(applet.o)
 .text.appletExit
                0x0000000000002090       0x44 /opt/devkitpro/libnx/lib/libnx.a(applet.o)
                0x0000000000002090                appletExit
 *fill*         0x00000000000020d4        0xc 
 .text.appletGetLibraryAppletInfo
                0x00000000000020e0       0x40 /opt/devkitpro/libnx/lib/libnx.a(applet.o)
                0x00000000000020e0                appletGetLibraryAppletInfo
 .text.appletInitialize
                0x0000000000002120      0xa10 /opt/devkitpro/libnx/lib/libnx.a(applet.o)
                0x0000000000002120                appletInitialize
 .text._appletExitProcess
                0x0000000000002b30       0x24 /opt/devkitpro/libnx/lib/libnx.a(applet.o)
 *fill*         0x0000000000002b54        0xc 
 .text.appletGetMessage
                0x0000000000002b60       0x74 /opt/devkitpro/libnx/lib/libnx.a(applet.o)
                0x0000000000002b60                appletGetMessage
 *fill*         0x0000000000002bd4        0xc 
 .text.appletProcessMessage
                0x0000000000002be0      0x248 /opt/devkitpro/libnx/lib/libnx.a(applet.o)
                0x0000000000002be0                appletProcessMessage
 *fill*         0x0000000000002e28        0x8 
 .text.appletMainLoop
                0x0000000000002e30       0x34 /opt/devkitpro/libnx/lib/libnx.a(applet.o)
                0x0000000000002e30                appletMainLoop
 *fill*         0x0000000000002e64        0xc 
 .text.hosversionGet
                0x0000000000002e70       0x14 /opt/devkitpro/libnx/lib/libnx.a(hosversion.o)
                0x0000000000002e70                hosversionGet
 *fill*         0x0000000000002e84        0xc 
 .text.hosversionSet
                0x0000000000002e90       0x10 /opt/devkitpro/libnx/lib/libnx.a(hosversion.o)
                0x0000000000002e90                hosversionSet
 .text.envSetup
                0x0000000000002ea0      0x24c /opt/devkitpro/libnx/lib/libnx.a(env.o)
                0x0000000000002ea0                envSetup
 *fill*         0x00000000000030ec        0x4 
 .text.envGetMainThreadHandle
                0x00000000000030f0       0x20 /opt/devkitpro/libnx/lib/libnx.a(env.o)
                0x00000000000030f0                envGetMainThreadHandle
 .text.envIsNso
                0x0000000000003110        0xc /opt/devkitpro/libnx/lib/libnx.a(env.o)
                0x0000000000003110                envIsNso
 *fill*         0x000000000000311c        0x4 
 .text.envHasHeapOverride
                0x0000000000003120       0x14 /opt/devkitpro/libnx/lib/libnx.a(env.o)
                0x0000000000003120                envHasHeapOverride
 *fill*         0x0000000000003134        0xc 
 .text.envGetHeapOverrideAddr
                0x0000000000003140        0xc /opt/devkitpro/libnx/lib/libnx.a(env.o)
                0x0000000000003140                envGetHeapOverrideAddr
 *fill*         0x000000000000314c        0x4 
 .text.envGetHeapOverrideSize
                0x0000000000003150        0xc /opt/devkitpro/libnx/lib/libnx.a(env.o)
                0x0000000000003150                envGetHeapOverrideSize
 *fill*         0x000000000000315c        0x4 
 .text.envHasArgv
                0x0000000000003160       0x14 /opt/devkitpro/libnx/lib/libnx.a(env.o)
                0x0000000000003160                envHasArgv
 *fill*         0x0000000000003174        0xc 
 .text.envGetArgv
                0x0000000000003180        0xc /opt/devkitpro/libnx/lib/libnx.a(env.o)
                0x0000000000003180                envGetArgv
 *fill*         0x000000000000318c        0x4 
 .text.envGetExitFuncPtr
                0x0000000000003190        0xc /opt/devkitpro/libnx/lib/libnx.a(env.o)
                0x0000000000003190                envGetExitFuncPtr
 *fill*         0x000000000000319c        0x4 
 .text.envSetExitFuncPtr
                0x00000000000031a0        0xc /opt/devkitpro/libnx/lib/libnx.a(env.o)
                0x00000000000031a0                envSetExitFuncPtr
 *fill*         0x00000000000031ac        0x4 
 .text.envHasRandomSeed
                0x00000000000031b0        0xc /opt/devkitpro/libnx/lib/libnx.a(env.o)
                0x00000000000031b0                envHasRandomSeed
 *fill*         0x00000000000031bc        0x4 
 .text.envGetRandomSeed
                0x00000000000031c0       0x18 /opt/devkitpro/libnx/lib/libnx.a(env.o)
                0x00000000000031c0                envGetRandomSeed
 *fill*         0x00000000000031d8        0x8 
 .text._padUpdateWithCommonState
                0x00000000000031e0       0x5c /opt/devkitpro/libnx/lib/libnx.a(pad.o)
 *fill*         0x000000000000323c        0x4 
 .text.padConfigureInput
                0x0000000000003240       0x9c /opt/devkitpro/libnx/lib/libnx.a(pad.o)
                0x0000000000003240                padConfigureInput
 *fill*         0x00000000000032dc        0x4 
 .text.padInitializeWithMask
                0x00000000000032e0       0x20 /opt/devkitpro/libnx/lib/libnx.a(pad.o)
                0x00000000000032e0                padInitializeWithMask
 .text.padUpdate
                0x0000000000003300      0x228 /opt/devkitpro/libnx/lib/libnx.a(pad.o)
                0x0000000000003300                padUpdate
 *fill*         0x0000000000003528        0x8 
 .text.diagAbortWithResult
                0x0000000000003530       0x1c /opt/devkitpro/libnx/lib/libnx.a(diag.o)
                0x0000000000003530                diagAbortWithResult
 *fill*         0x000000000000354c        0x4 
 .text.consoleDrawChar
                0x0000000000003550       0x48 /opt/devkitpro/libnx/lib/libnx.a(console.o)
 *fill*         0x0000000000003598        0x8 
 .text.consoleNewRow
                0x00000000000035a0       0xb0 /opt/devkitpro/libnx/lib/libnx.a(console.o)
 .text.con_write
                0x0000000000003650      0xc38 /opt/devkitpro/libnx/lib/libnx.a(console.o)
 *fill*         0x0000000000004288        0x8 
 .text.consoleInit
                0x0000000000004290      0x160 /opt/devkitpro/libnx/lib/libnx.a(console.o)
                0x0000000000004290                consoleInit
 .text.consoleExit
                0x00000000000043f0       0x48 /opt/devkitpro/libnx/lib/libnx.a(console.o)
                0x00000000000043f0                consoleExit
 *fill*         0x0000000000004438        0x8 
 .text.consoleUpdate
                0x0000000000004440       0x2c /opt/devkitpro/libnx/lib/libnx.a(console.o)
                0x0000000000004440                consoleUpdate
 *fill*         0x000000000000446c        0x4 
 .text.ConsoleSwRenderer_drawChar
                0x0000000000004470      0x194 /opt/devkitpro/libnx/lib/libnx.a(console_sw.o)
 *fill*         0x0000000000004604        0xc 
 .text.ConsoleSwRenderer_init
                0x0000000000004610       0xf4 /opt/devkitpro/libnx/lib/libnx.a(console_sw.o)
 *fill*         0x0000000000004704        0xc 
 .text.ConsoleSwRenderer_flushAndSwap
                0x0000000000004710       0x70 /opt/devkitpro/libnx/lib/libnx.a(console_sw.o)
 .text.ConsoleSwRenderer_scrollWindow
                0x0000000000004780       0xc8 /opt/devkitpro/libnx/lib/libnx.a(console_sw.o)
 *fill*         0x0000000000004848        0x8 
 .text.ConsoleSwRenderer_deinit
                0x0000000000004850       0x4c /opt/devkitpro/libnx/lib/libnx.a(console_sw.o)
 *fill*         0x000000000000489c        0x4 
 .text.getDefaultConsoleRenderer
                0x00000000000048a0        0xc /opt/devkitpro/libnx/lib/libnx.a(console_sw.o)
                0x00000000000048a0                getDefaultConsoleRenderer
 .text.svcSetHeapSize
                0x00000000000048ac       0x14 /opt/devkitpro/libnx/lib/libnx.a(svc.o)
                0x00000000000048ac                svcSetHeapSize
 .text.svcSetMemoryAttribute
                0x00000000000048c0        0x8 /opt/devkitpro/libnx/lib/libnx.a(svc.o)
                0x00000000000048c0                svcSetMemoryAttribute
 .text.svcUnmapMemory
                0x00000000000048c8        0x8 /opt/devkitpro/libnx/lib/libnx.a(svc.o)
                0x00000000000048c8                svcUnmapMemory
 .text.svcQueryMemory
                0x00000000000048d0       0x14 /opt/devkitpro/libnx/lib/libnx.a(svc.o)
                0x00000000000048d0                svcQueryMemory
 .text.svcExitProcess
                0x00000000000048e4        0x8 /opt/devkitpro/libnx/lib/libnx.a(svc.o)
                0x00000000000048e4                svcExitProcess
 .text.svcSleepThread
                0x00000000000048ec        0x8 /opt/devkitpro/libnx/lib/libnx.a(svc.o)
                0x00000000000048ec                svcSleepThread
 .text.svcMapSharedMemory
                0x00000000000048f4        0x8 /opt/devkitpro/libnx/lib/libnx.a(svc.o)
                0x00000000000048f4                svcMapSharedMemory
 .text.svcUnmapSharedMemory
                0x00000000000048fc        0x8 /opt/devkitpro/libnx/lib/libnx.a(svc.o)
                0x00000000000048fc                svcUnmapSharedMemory
 .text.svcCreateTransferMemory
                0x0000000000004904       0x14 /opt/devkitpro/libnx/lib/libnx.a(svc.o)
                0x0000000000004904                svcCreateTransferMemory
 .text.svcCloseHandle
                0x0000000000004918        0x8 /opt/devkitpro/libnx/lib/libnx.a(svc.o)
                0x0000000000004918                svcCloseHandle
 .text.svcResetSignal
                0x0000000000004920        0x8 /opt/devkitpro/libnx/lib/libnx.a(svc.o)
                0x0000000000004920                svcResetSignal
 .text.svcWaitSynchronization
                0x0000000000004928       0x14 /opt/devkitpro/libnx/lib/libnx.a(svc.o)
                0x0000000000004928                svcWaitSynchronization
 .text.svcArbitrateLock
                0x000000000000493c        0x8 /opt/devkitpro/libnx/lib/libnx.a(svc.o)
                0x000000000000493c                svcArbitrateLock
 .text.svcArbitrateUnlock
                0x0000000000004944        0x8 /opt/devkitpro/libnx/lib/libnx.a(svc.o)
                0x0000000000004944                svcArbitrateUnlock
 .text.svcWaitProcessWideKeyAtomic
                0x000000000000494c        0x8 /opt/devkitpro/libnx/lib/libnx.a(svc.o)
                0x000000000000494c                svcWaitProcessWideKeyAtomic
 .text.svcSignalProcessWideKey
                0x0000000000004954        0x8 /opt/devkitpro/libnx/lib/libnx.a(svc.o)
                0x0000000000004954                svcSignalProcessWideKey
 .text.svcConnectToNamedPort
                0x000000000000495c       0x14 /opt/devkitpro/libnx/lib/libnx.a(svc.o)
                0x000000000000495c                svcConnectToNamedPort
 .text.svcSendSyncRequest
                0x0000000000004970        0x8 /opt/devkitpro/libnx/lib/libnx.a(svc.o)
                0x0000000000004970                svcSendSyncRequest
 .text.svcBreak
                0x0000000000004978        0x8 /opt/devkitpro/libnx/lib/libnx.a(svc.o)
                0x0000000000004978                svcBreak
 .text.svcReturnFromException
                0x0000000000004980        0x8 /opt/devkitpro/libnx/lib/libnx.a(svc.o)
                0x0000000000004980                svcReturnFromException
 .text.svcGetInfo
                0x0000000000004988       0x14 /opt/devkitpro/libnx/lib/libnx.a(svc.o)
                0x0000000000004988                svcGetInfo
 .text.svcUnmapTransferMemory
                0x000000000000499c        0x8 /opt/devkitpro/libnx/lib/libnx.a(svc.o)
                0x000000000000499c                svcUnmapTransferMemory
 *fill*         0x00000000000049a4        0xc 
 .text.waitObjects
                0x00000000000049b0      0x45c /opt/devkitpro/libnx/lib/libnx.a(wait.o)
                0x00000000000049b0                waitObjects
 *fill*         0x0000000000004e0c        0x4 
 .text.tmemCreate
                0x0000000000004e10       0xa8 /opt/devkitpro/libnx/lib/libnx.a(tmem.o)
                0x0000000000004e10                tmemCreate
 *fill*         0x0000000000004eb8        0x8 
 .text.tmemUnmap
                0x0000000000004ec0       0x34 /opt/devkitpro/libnx/lib/libnx.a(tmem.o)
                0x0000000000004ec0                tmemUnmap
 *fill*         0x0000000000004ef4        0xc 
 .text.tmemClose
                0x0000000000004f00       0x68 /opt/devkitpro/libnx/lib/libnx.a(tmem.o)
                0x0000000000004f00                tmemClose
 *fill*         0x0000000000004f68        0x8 
 .text.mutexLock
                0x0000000000004f70       0x80 /opt/devkitpro/libnx/lib/libnx.a(mutex.o)
                0x0000000000004f70                mutexLock
 .text.mutexUnlock
                0x0000000000004ff0       0x68 /opt/devkitpro/libnx/lib/libnx.a(mutex.o)
                0x0000000000004ff0                mutexUnlock
 *fill*         0x0000000000005058        0x8 
 .text.mutexIsLockedByCurrentThread
                0x0000000000005060       0x1c /opt/devkitpro/libnx/lib/libnx.a(mutex.o)
                0x0000000000005060                mutexIsLockedByCurrentThread
 *fill*         0x000000000000507c        0x4 
 .text.rmutexLock
                0x0000000000005080       0x4c /opt/devkitpro/libnx/lib/libnx.a(mutex.o)
                0x0000000000005080                rmutexLock
 *fill*         0x00000000000050cc        0x4 
 .text.rmutexUnlock
                0x00000000000050d0       0x1c /opt/devkitpro/libnx/lib/libnx.a(mutex.o)
                0x00000000000050d0                rmutexUnlock
 *fill*         0x00000000000050ec        0x4 
 .text._memregionInitWithInfo
                0x00000000000050f0       0x64 /opt/devkitpro/libnx/lib/libnx.a(virtmem.o)
 *fill*         0x0000000000005154        0xc 
 .text.__libnx_virtmem_rng
                0x0000000000005160        0x4 /opt/devkitpro/libnx/lib/libnx.a(virtmem.o)
                0x0000000000005160                __libnx_virtmem_rng
 *fill*         0x0000000000005164        0xc 
 .text._memregionFindRandom
                0x0000000000005170      0x178 /opt/devkitpro/libnx/lib/libnx.a(virtmem.o)
 *fill*         0x00000000000052e8        0x8 
 .text.virtmemSetup
                0x00000000000052f0      0x120 /opt/devkitpro/libnx/lib/libnx.a(virtmem.o)
                0x00000000000052f0                virtmemSetup
 .text.virtmemLock
                0x0000000000005410        0xc /opt/devkitpro/libnx/lib/libnx.a(virtmem.o)
                0x0000000000005410                virtmemLock
 *fill*         0x000000000000541c        0x4 
 .text.virtmemUnlock
                0x0000000000005420        0xc /opt/devkitpro/libnx/lib/libnx.a(virtmem.o)
                0x0000000000005420                virtmemUnlock
 *fill*         0x000000000000542c        0x4 
 .text.virtmemFindAslr
                0x0000000000005430       0x54 /opt/devkitpro/libnx/lib/libnx.a(virtmem.o)
                0x0000000000005430                virtmemFindAslr
 *fill*         0x0000000000005484        0xc 
 .text.eventLoadRemote
                0x0000000000005490        0xc /opt/devkitpro/libnx/lib/libnx.a(event.o)
                0x0000000000005490                eventLoadRemote
 *fill*         0x000000000000549c        0x4 
 .text.eventWait
                0x00000000000054a0       0x38 /opt/devkitpro/libnx/lib/libnx.a(event.o)
                0x00000000000054a0                eventWait
 *fill*         0x00000000000054d8        0x8 
 .text.eventClose
                0x00000000000054e0       0x50 /opt/devkitpro/libnx/lib/libnx.a(event.o)
                0x00000000000054e0                eventClose
 .text.randomGet
                0x0000000000005530      0x3d4 /opt/devkitpro/libnx/lib/libnx.a(random.o)
                0x0000000000005530                randomGet
 *fill*         0x0000000000005904        0xc 
 .text.randomGet64
                0x0000000000005910       0x20 /opt/devkitpro/libnx/lib/libnx.a(random.o)
                0x0000000000005910                randomGet64
 .text._apmCleanup
                0x0000000000005930       0xc0 /opt/devkitpro/libnx/lib/libnx.a(apm.o)
 .text._apmCmdGetSession.constprop.0
                0x00000000000059f0       0xfc /opt/devkitpro/libnx/lib/libnx.a(apm.o)
 *fill*         0x0000000000005aec        0x4 
 .text.apmInitialize
                0x0000000000005af0       0xa0 /opt/devkitpro/libnx/lib/libnx.a(apm.o)
                0x0000000000005af0                apmInitialize
 .text.apmExit  0x0000000000005b90       0x44 /opt/devkitpro/libnx/lib/libnx.a(apm.o)
                0x0000000000005b90                apmExit
 *fill*         0x0000000000005bd4        0xc 
 .text.apmSetPerformanceConfiguration
                0x0000000000005be0       0xc8 /opt/devkitpro/libnx/lib/libnx.a(apm.o)
                0x0000000000005be0                apmSetPerformanceConfiguration
 *fill*         0x0000000000005ca8        0x8 
 .text._smCmifCmdInPid
                0x0000000000005cb0       0xd0 /opt/devkitpro/libnx/lib/libnx.a(sm.o)
 .text._smCleanup
                0x0000000000005d80       0x68 /opt/devkitpro/libnx/lib/libnx.a(sm.o)
 *fill*         0x0000000000005de8        0x8 
 .text.smAddOverrideHandle
                0x0000000000005df0       0x48 /opt/devkitpro/libnx/lib/libnx.a(sm.o)
                0x0000000000005df0                smAddOverrideHandle
 *fill*         0x0000000000005e38        0x8 
 .text.smGetServiceOverride
                0x0000000000005e40       0x54 /opt/devkitpro/libnx/lib/libnx.a(sm.o)
                0x0000000000005e40                smGetServiceOverride
 *fill*         0x0000000000005e94        0xc 
 .text.smInitialize
                0x0000000000005ea0      0x1c0 /opt/devkitpro/libnx/lib/libnx.a(sm.o)
                0x0000000000005ea0                smInitialize
 .text.smExit   0x0000000000006060       0x44 /opt/devkitpro/libnx/lib/libnx.a(sm.o)
                0x0000000000006060                smExit
 *fill*         0x00000000000060a4        0xc 
 .text.smGetServiceOriginal
                0x00000000000060b0       0xd0 /opt/devkitpro/libnx/lib/libnx.a(sm.o)
                0x00000000000060b0                smGetServiceOriginal
 .text.smGetServiceWrapper
                0x0000000000006180      0x120 /opt/devkitpro/libnx/lib/libnx.a(sm.o)
                0x0000000000006180                smGetServiceWrapper
 .text._hidCleanup
                0x00000000000062a0      0x108 /opt/devkitpro/libnx/lib/libnx.a(hid.o)
 *fill*         0x00000000000063a8        0x8 
 .text._hidCmdInAruidNoOut
                0x00000000000063b0       0xd4 /opt/devkitpro/libnx/lib/libnx.a(hid.o)
 *fill*         0x0000000000006484        0xc 
 .text._hidCmdInU32AruidNoOut
                0x0000000000006490       0xe0 /opt/devkitpro/libnx/lib/libnx.a(hid.o)
 .text._hidGetStates
                0x0000000000006570      0x184 /opt/devkitpro/libnx/lib/libnx.a(hid.o)
 *fill*         0x00000000000066f4        0xc 
 .text._hidCreateAppletResource.constprop.0
                0x0000000000006700      0x118 /opt/devkitpro/libnx/lib/libnx.a(hid.o)
 *fill*         0x0000000000006818        0x8 
 .text._hidCmdGetHandle.constprop.0
                0x0000000000006820       0xc8 /opt/devkitpro/libnx/lib/libnx.a(hid.o)
 *fill*         0x00000000000068e8        0x8 
 .text.hidInitialize
                0x00000000000068f0       0xdc /opt/devkitpro/libnx/lib/libnx.a(hid.o)
                0x00000000000068f0                hidInitialize
 *fill*         0x00000000000069cc        0x4 
 .text.hidExit  0x00000000000069d0       0x44 /opt/devkitpro/libnx/lib/libnx.a(hid.o)
                0x00000000000069d0                hidExit
 *fill*         0x0000000000006a14        0xc 
 .text.hidGetSharedmemAddr
                0x0000000000006a20        0xc /opt/devkitpro/libnx/lib/libnx.a(hid.o)
                0x0000000000006a20                hidGetSharedmemAddr
 *fill*         0x0000000000006a2c        0x4 
 .text.hidGetNpadStyleSet
                0x0000000000006a30       0x94 /opt/devkitpro/libnx/lib/libnx.a(hid.o)
                0x0000000000006a30                hidGetNpadStyleSet
 *fill*         0x0000000000006ac4        0xc 
 .text.hidInitializeNpad
                0x0000000000006ad0       0x6c /opt/devkitpro/libnx/lib/libnx.a(hid.o)
                0x0000000000006ad0                hidInitializeNpad
 *fill*         0x0000000000006b3c        0x4 
 .text.hidGetNpadStatesFullKey
                0x0000000000006b40       0xac /opt/devkitpro/libnx/lib/libnx.a(hid.o)
                0x0000000000006b40                hidGetNpadStatesFullKey
 *fill*         0x0000000000006bec        0x4 
 .text.hidGetNpadStatesHandheld
                0x0000000000006bf0       0xac /opt/devkitpro/libnx/lib/libnx.a(hid.o)
                0x0000000000006bf0                hidGetNpadStatesHandheld
 *fill*         0x0000000000006c9c        0x4 
 .text.hidGetNpadStatesJoyDual
                0x0000000000006ca0       0xac /opt/devkitpro/libnx/lib/libnx.a(hid.o)
                0x0000000000006ca0                hidGetNpadStatesJoyDual
 *fill*         0x0000000000006d4c        0x4 
 .text.hidGetNpadStatesJoyLeft
                0x0000000000006d50       0xac /opt/devkitpro/libnx/lib/libnx.a(hid.o)
                0x0000000000006d50                hidGetNpadStatesJoyLeft
 *fill*         0x0000000000006dfc        0x4 
 .text.hidGetNpadStatesJoyRight
                0x0000000000006e00       0xac /opt/devkitpro/libnx/lib/libnx.a(hid.o)
                0x0000000000006e00                hidGetNpadStatesJoyRight
 *fill*         0x0000000000006eac        0x4 
 .text.hidGetNpadStatesGc
                0x0000000000006eb0      0x174 /opt/devkitpro/libnx/lib/libnx.a(hid.o)
                0x0000000000006eb0                hidGetNpadStatesGc
 *fill*         0x0000000000007024        0xc 
 .text.hidGetNpadStatesSystemExt
                0x0000000000007030       0xb0 /opt/devkitpro/libnx/lib/libnx.a(hid.o)
                0x0000000000007030                hidGetNpadStatesSystemExt
 .text.hidSetSupportedNpadStyleSet
                0x00000000000070e0        0x8 /opt/devkitpro/libnx/lib/libnx.a(hid.o)
                0x00000000000070e0                hidSetSupportedNpadStyleSet
 *fill*         0x00000000000070e8        0x8 
 .text.hidSetSupportedNpadIdType
                0x00000000000070f0       0xfc /opt/devkitpro/libnx/lib/libnx.a(hid.o)
                0x00000000000070f0                hidSetSupportedNpadIdType
 *fill*         0x00000000000071ec        0x4 
 .text.framebufferMakeLinear
                0x00000000000071f0       0x8c /opt/devkitpro/libnx/lib/libnx.a(framebuffer.o)
                0x00000000000071f0                framebufferMakeLinear
 *fill*         0x000000000000727c        0x4 
 .text.framebufferClose
                0x0000000000007280       0x80 /opt/devkitpro/libnx/lib/libnx.a(framebuffer.o)
                0x0000000000007280                framebufferClose
 .text.framebufferCreate
                0x0000000000007300      0x2a0 /opt/devkitpro/libnx/lib/libnx.a(framebuffer.o)
                0x0000000000007300                framebufferCreate
 .text.framebufferBegin
                0x00000000000075a0       0x88 /opt/devkitpro/libnx/lib/libnx.a(framebuffer.o)
                0x00000000000075a0                framebufferBegin
 *fill*         0x0000000000007628        0x8 
 .text.framebufferEnd
                0x0000000000007630      0x174 /opt/devkitpro/libnx/lib/libnx.a(framebuffer.o)
                0x0000000000007630                framebufferEnd
 *fill*         0x00000000000077a4        0xc 
 .text.nwindowGetDefault
                0x00000000000077b0        0xc /opt/devkitpro/libnx/lib/libnx.a(default_window.o)
                0x00000000000077b0                nwindowGetDefault
 *fill*         0x00000000000077bc        0x4 
 .text.__nx_win_init
                0x00000000000077c0       0xc0 /opt/devkitpro/libnx/lib/libnx.a(default_window.o)
                0x00000000000077c0                __nx_win_init
 .text.__nx_win_exit
                0x0000000000007880       0x34 /opt/devkitpro/libnx/lib/libnx.a(default_window.o)
                0x0000000000007880                __nx_win_exit
 *fill*         0x00000000000078b4        0xc 
 .text.nwindowIsValid
                0x00000000000078c0       0x24 /opt/devkitpro/libnx/lib/libnx.a(native_window.o)
                0x00000000000078c0                nwindowIsValid
 *fill*         0x00000000000078e4        0xc 
 .text.nwindowClose
                0x00000000000078f0       0x80 /opt/devkitpro/libnx/lib/libnx.a(native_window.o)
                0x00000000000078f0                nwindowClose
 .text.nwindowCreate
                0x0000000000007970       0xec /opt/devkitpro/libnx/lib/libnx.a(native_window.o)
                0x0000000000007970                nwindowCreate
 *fill*         0x0000000000007a5c        0x4 
 .text.nwindowCreateFromLayer
                0x0000000000007a60       0x34 /opt/devkitpro/libnx/lib/libnx.a(native_window.o)
                0x0000000000007a60                nwindowCreateFromLayer
 *fill*         0x0000000000007a94        0xc 
 .text.nwindowSetDimensions
                0x0000000000007aa0       0x88 /opt/devkitpro/libnx/lib/libnx.a(native_window.o)
                0x0000000000007aa0                nwindowSetDimensions
 *fill*         0x0000000000007b28        0x8 
 .text.nwindowConfigureBuffer
                0x0000000000007b30      0x190 /opt/devkitpro/libnx/lib/libnx.a(native_window.o)
                0x0000000000007b30                nwindowConfigureBuffer
 .text.nwindowDequeueBuffer
                0x0000000000007cc0      0x1d8 /opt/devkitpro/libnx/lib/libnx.a(native_window.o)
                0x0000000000007cc0                nwindowDequeueBuffer
 *fill*         0x0000000000007e98        0x8 
 .text.nwindowQueueBuffer
                0x0000000000007ea0      0x140 /opt/devkitpro/libnx/lib/libnx.a(native_window.o)
                0x0000000000007ea0                nwindowQueueBuffer
 .text.nwindowReleaseBuffers
                0x0000000000007fe0       0x98 /opt/devkitpro/libnx/lib/libnx.a(native_window.o)
                0x0000000000007fe0                nwindowReleaseBuffers
 *fill*         0x0000000000008078        0x8 
 .text.__nx_dynamic
                0x0000000000008080       0xa0 /opt/devkitpro/libnx/lib/libnx.a(dynamic.o)
                0x0000000000008080                __nx_dynamic
 .text.__libnx_initheap
                0x0000000000008120       0xd8 /opt/devkitpro/libnx/lib/libnx.a(init.o)
                0x0000000000008120                __libnx_initheap
 *fill*         0x00000000000081f8        0x8 
 .text.__appInit
                0x0000000000008200       0xec /opt/devkitpro/libnx/lib/libnx.a(init.o)
                0x0000000000008200                __appInit
 *fill*         0x00000000000082ec        0x4 
 .text.__appExit
                0x00000000000082f0       0x44 /opt/devkitpro/libnx/lib/libnx.a(init.o)
                0x00000000000082f0                __appExit
 *fill*         0x0000000000008334        0xc 
 .text.__libnx_init
                0x0000000000008340       0x2c /opt/devkitpro/libnx/lib/libnx.a(init.o)
                0x0000000000008340                __libnx_init
 *fill*         0x000000000000836c        0x4 
 .text.__libnx_exit
                0x0000000000008370       0x20 /opt/devkitpro/libnx/lib/libnx.a(init.o)
                0x0000000000008370                __libnx_exit
 .text.__libnx_alloc
                0x0000000000008390        0x4 /opt/devkitpro/libnx/lib/libnx.a(alloc.o)
                0x0000000000008390                __libnx_alloc
 *fill*         0x0000000000008394        0xc 
 .text.__libnx_aligned_alloc
                0x00000000000083a0       0x14 /opt/devkitpro/libnx/lib/libnx.a(alloc.o)
                0x00000000000083a0                __libnx_aligned_alloc
 *fill*         0x00000000000083b4        0xc 
 .text.__libnx_free
                0x00000000000083c0        0x4 /opt/devkitpro/libnx/lib/libnx.a(alloc.o)
                0x00000000000083c0                __libnx_free
 *fill*         0x00000000000083c4        0xc 
 .text.__syscall_exit
                0x00000000000083d0       0x1c /opt/devkitpro/libnx/lib/libnx.a(newlib.o)
                0x00000000000083d0                __syscall_exit
 *fill*         0x00000000000083ec        0x4 
 .text.__syscall_getreent
                0x00000000000083f0       0x34 /opt/devkitpro/libnx/lib/libnx.a(newlib.o)
                0x00000000000083f0                __syscall_getreent
 *fill*         0x0000000000008424        0xc 
 .text.__syscall_lock_acquire
                0x0000000000008430        0x4 /opt/devkitpro/libnx/lib/libnx.a(newlib.o)
                0x0000000000008430                __syscall_lock_acquire
 *fill*         0x0000000000008434        0xc 
 .text.__syscall_lock_release
                0x0000000000008440        0x4 /opt/devkitpro/libnx/lib/libnx.a(newlib.o)
                0x0000000000008440                __syscall_lock_release
 *fill*         0x0000000000008444        0xc 
 .text.__syscall_lock_acquire_recursive
                0x0000000000008450        0x4 /opt/devkitpro/libnx/lib/libnx.a(newlib.o)
                0x0000000000008450                __syscall_lock_acquire_recursive
 *fill*         0x0000000000008454        0xc 
 .text.__syscall_lock_release_recursive
                0x0000000000008460        0x4 /opt/devkitpro/libnx/lib/libnx.a(newlib.o)
                0x0000000000008460                __syscall_lock_release_recursive
 *fill*         0x0000000000008464        0xc 
 .text.__libnx_init_time
                0x0000000000008470      0x228 /opt/devkitpro/libnx/lib/libnx.a(newlib.o)
                0x0000000000008470                __libnx_init_time
 *fill*         0x0000000000008698        0x8 
 .text.newlibSetup
                0x00000000000086a0       0x84 /opt/devkitpro/libnx/lib/libnx.a(newlib.o)
                0x00000000000086a0                newlibSetup
 *fill*         0x0000000000008724        0xc 
 .text.argvSetup
                0x0000000000008730      0x320 /opt/devkitpro/libnx/lib/libnx.a(argv.o)
                0x0000000000008730                argvSetup
 .text.fsdev_link
                0x0000000000008a50       0x14 /opt/devkitpro/libnx/lib/libnx.a(fs_dev.o)
 *fill*         0x0000000000008a64        0xc 
 .text.fsdev_dirreset
                0x0000000000008a70       0x14 /opt/devkitpro/libnx/lib/libnx.a(fs_dev.o)
 *fill*         0x0000000000008a84        0xc 
 .text.fsdev_chmod
                0x0000000000008a90       0x14 /opt/devkitpro/libnx/lib/libnx.a(fs_dev.o)
 *fill*         0x0000000000008aa4        0xc 
 .text.error_cmp
                0x0000000000008ab0       0x18 /opt/devkitpro/libnx/lib/libnx.a(fs_dev.o)
 *fill*         0x0000000000008ac8        0x8 
 .text.fsdev_dirclose
                0x0000000000008ad0       0x20 /opt/devkitpro/libnx/lib/libnx.a(fs_dev.o)
 .text.fsdev_close
                0x0000000000008af0       0x1c /opt/devkitpro/libnx/lib/libnx.a(fs_dev.o)
 *fill*         0x0000000000008b0c        0x4 
 .text.fsdev_converttimetoutc
                0x0000000000008b10       0x80 /opt/devkitpro/libnx/lib/libnx.a(fs_dev.o)
 .text.fsdevFindDevice.part.0
                0x0000000000008b90       0xb8 /opt/devkitpro/libnx/lib/libnx.a(fs_dev.o)
 *fill*         0x0000000000008c48        0x8 
 .text.fsdev_fixpath
                0x0000000000008c50      0x1e0 /opt/devkitpro/libnx/lib/libnx.a(fs_dev.o)
 .text._fsdevUnmountDeviceStruct.part.0
                0x0000000000008e30       0xa0 /opt/devkitpro/libnx/lib/libnx.a(fs_dev.o)
 .text.fsdev_fchmod
                0x0000000000008ed0       0x14 /opt/devkitpro/libnx/lib/libnx.a(fs_dev.o)
 *fill*         0x0000000000008ee4        0xc 
 .text.fsdev_diropen
                0x0000000000008ef0      0x108 /opt/devkitpro/libnx/lib/libnx.a(fs_dev.o)
 *fill*         0x0000000000008ff8        0x8 
 .text.fsdev_fsync
                0x0000000000009000       0x7c /opt/devkitpro/libnx/lib/libnx.a(fs_dev.o)
 *fill*         0x000000000000907c        0x4 
 .text.fsdev_fstat
                0x0000000000009080      0x108 /opt/devkitpro/libnx/lib/libnx.a(fs_dev.o)
 *fill*         0x0000000000009188        0x8 
 .text.fsdev_ftruncate
                0x0000000000009190       0x94 /opt/devkitpro/libnx/lib/libnx.a(fs_dev.o)
 *fill*         0x0000000000009224        0xc 
 .text.fsdev_stat
                0x0000000000009230      0x1f8 /opt/devkitpro/libnx/lib/libnx.a(fs_dev.o)
 *fill*         0x0000000000009428        0x8 
 .text.fsdev_rename
                0x0000000000009430      0x154 /opt/devkitpro/libnx/lib/libnx.a(fs_dev.o)
 *fill*         0x0000000000009584        0xc 
 .text.fsdev_chdir
                0x0000000000009590      0x148 /opt/devkitpro/libnx/lib/libnx.a(fs_dev.o)
 *fill*         0x00000000000096d8        0x8 
 .text.fsdev_mkdir
                0x00000000000096e0       0xac /opt/devkitpro/libnx/lib/libnx.a(fs_dev.o)
 *fill*         0x000000000000978c        0x4 
 .text.fsdev_unlink
                0x0000000000009790       0xac /opt/devkitpro/libnx/lib/libnx.a(fs_dev.o)
 *fill*         0x000000000000983c        0x4 
 .text.fsdev_rmdir
                0x0000000000009840       0xac /opt/devkitpro/libnx/lib/libnx.a(fs_dev.o)
 *fill*         0x00000000000098ec        0x4 
 .text.fsdev_statvfs
                0x00000000000098f0      0x104 /opt/devkitpro/libnx/lib/libnx.a(fs_dev.o)
 *fill*         0x00000000000099f4        0xc 
 .text.fsdev_write_safe
                0x0000000000009a00      0x13c /opt/devkitpro/libnx/lib/libnx.a(fs_dev.o)
 *fill*         0x0000000000009b3c        0x4 
 .text.fsdev_read_safe
                0x0000000000009b40      0x13c /opt/devkitpro/libnx/lib/libnx.a(fs_dev.o)
 *fill*         0x0000000000009c7c        0x4 
 .text.fsdev_read
                0x0000000000009c80      0x104 /opt/devkitpro/libnx/lib/libnx.a(fs_dev.o)
 *fill*         0x0000000000009d84        0xc 
 .text.fsdev_dirnext
                0x0000000000009d90      0x1d4 /opt/devkitpro/libnx/lib/libnx.a(fs_dev.o)
 *fill*         0x0000000000009f64        0xc 
 .text.fsdev_write
                0x0000000000009f70      0x124 /opt/devkitpro/libnx/lib/libnx.a(fs_dev.o)
 *fill*         0x000000000000a094        0xc 
 .text.fsdev_seek
                0x000000000000a0a0       0xe4 /opt/devkitpro/libnx/lib/libnx.a(fs_dev.o)
 *fill*         0x000000000000a184        0xc 
 .text.fsdev_open
                0x000000000000a190      0x238 /opt/devkitpro/libnx/lib/libnx.a(fs_dev.o)
 *fill*         0x000000000000a3c8        0x8 
 .text.fsdevMountDevice
                0x000000000000a3d0      0x26c /opt/devkitpro/libnx/lib/libnx.a(fs_dev.o)
                0x000000000000a3d0                fsdevMountDevice
 *fill*         0x000000000000a63c        0x4 
 .text.fsdevMountSdmc
                0x000000000000a640       0x48 /opt/devkitpro/libnx/lib/libnx.a(fs_dev.o)
                0x000000000000a640                fsdevMountSdmc
 *fill*         0x000000000000a688        0x8 
 .text.__libnx_init_cwd
                0x000000000000a690       0xcc /opt/devkitpro/libnx/lib/libnx.a(fs_dev.o)
                0x000000000000a690                __libnx_init_cwd
 *fill*         0x000000000000a75c        0x4 
 .text.fsdevUnmountAll
                0x000000000000a760       0x64 /opt/devkitpro/libnx/lib/libnx.a(fs_dev.o)
                0x000000000000a760                fsdevUnmountAll
 *fill*         0x000000000000a7c4        0xc 
 .text.decode_utf8
                0x000000000000a7d0      0x12c /opt/devkitpro/libnx/lib/libnx.a(decode_utf8.o)
                0x000000000000a7d0                decode_utf8
 .text.armDCacheFlush
                0x000000000000a8fc       0x3c /opt/devkitpro/libnx/lib/libnx.a(cache.o)
                0x000000000000a8fc                armDCacheFlush
 .text.__libnx_exception_entry
                0x000000000000a938      0x1c0 /opt/devkitpro/libnx/lib/libnx.a(exception.o)
                0x000000000000a938                __libnx_exception_entry
 .text.__libnx_exception_returnentry
                0x000000000000aaf8       0x18 /opt/devkitpro/libnx/lib/libnx.a(exception.o)
                0x000000000000aaf8                __libnx_exception_returnentry
 .text.__aarch64_read_tp
                0x000000000000ab10        0xc /opt/devkitpro/libnx/lib/libnx.a(readtp.o)
                0x000000000000ab10                __aarch64_read_tp
 *fill*         0x000000000000ab1c        0x4 
 .text.shmemLoadRemote
                0x000000000000ab20       0x14 /opt/devkitpro/libnx/lib/libnx.a(shmem.o)
                0x000000000000ab20                shmemLoadRemote
 *fill*         0x000000000000ab34        0xc 
 .text.shmemMap
                0x000000000000ab40       0x88 /opt/devkitpro/libnx/lib/libnx.a(shmem.o)
                0x000000000000ab40                shmemMap
 *fill*         0x000000000000abc8        0x8 
 .text.shmemUnmap
                0x000000000000abd0       0x34 /opt/devkitpro/libnx/lib/libnx.a(shmem.o)
                0x000000000000abd0                shmemUnmap
 *fill*         0x000000000000ac04        0xc 
 .text.shmemClose
                0x000000000000ac10       0x44 /opt/devkitpro/libnx/lib/libnx.a(shmem.o)
                0x000000000000ac10                shmemClose
 *fill*         0x000000000000ac54        0xc 
 .text.condvarWaitTimeout
                0x000000000000ac60       0x64 /opt/devkitpro/libnx/lib/libnx.a(condvar.o)
                0x000000000000ac60                condvarWaitTimeout
 *fill*         0x000000000000acc4        0xc 
 .text.__libnx_init_thread
                0x000000000000acd0       0xac /opt/devkitpro/libnx/lib/libnx.a(thread.o)
                0x000000000000acd0                __libnx_init_thread
 *fill*         0x000000000000ad7c        0x4 
 .text._viCleanup
                0x000000000000ad80      0x1dc /opt/devkitpro/libnx/lib/libnx.a(vi.o)
 *fill*         0x000000000000af5c        0x4 
 .text._viCmdGetSessionNoParams.constprop.0
                0x000000000000af60      0x100 /opt/devkitpro/libnx/lib/libnx.a(vi.o)
 .text._viCmdGetSession.constprop.0
                0x000000000000b060       0xfc /opt/devkitpro/libnx/lib/libnx.a(vi.o)
 *fill*         0x000000000000b15c        0x4 
 .text.viInitialize
                0x000000000000b160      0x25c /opt/devkitpro/libnx/lib/libnx.a(vi.o)
                0x000000000000b160                viInitialize
 *fill*         0x000000000000b3bc        0x4 
 .text.viExit   0x000000000000b3c0       0x44 /opt/devkitpro/libnx/lib/libnx.a(vi.o)
                0x000000000000b3c0                viExit
 *fill*         0x000000000000b404        0xc 
 .text.viGetSession_IHOSBinderDriverRelay
                0x000000000000b410        0xc /opt/devkitpro/libnx/lib/libnx.a(vi.o)
                0x000000000000b410                viGetSession_IHOSBinderDriverRelay
 *fill*         0x000000000000b41c        0x4 
 .text.viOpenDisplay
                0x000000000000b420      0x110 /opt/devkitpro/libnx/lib/libnx.a(vi.o)
                0x000000000000b420                viOpenDisplay
 .text.viCloseDisplay
                0x000000000000b530       0xf4 /opt/devkitpro/libnx/lib/libnx.a(vi.o)
                0x000000000000b530                viCloseDisplay
 *fill*         0x000000000000b624        0xc 
 .text.viCloseLayer
                0x000000000000b630       0xfc /opt/devkitpro/libnx/lib/libnx.a(vi.o)
                0x000000000000b630                viCloseLayer
 *fill*         0x000000000000b72c        0x4 
 .text.viCreateLayer
                0x000000000000b730      0x38c /opt/devkitpro/libnx/lib/libnx.a(vi.o)
                0x000000000000b730                viCreateLayer
 *fill*         0x000000000000babc        0x4 
 .text.viSetLayerScalingMode
                0x000000000000bac0       0xd8 /opt/devkitpro/libnx/lib/libnx.a(vi.o)
                0x000000000000bac0                viSetLayerScalingMode
 *fill*         0x000000000000bb98        0x8 
 .text._setsysGetFirmwareVersionImpl
                0x000000000000bba0       0xd4 /opt/devkitpro/libnx/lib/libnx.a(set.o)
 *fill*         0x000000000000bc74        0xc 
 .text._setsysCleanup
                0x000000000000bc80       0x68 /opt/devkitpro/libnx/lib/libnx.a(set.o)
 *fill*         0x000000000000bce8        0x8 
 .text.setsysInitialize
                0x000000000000bcf0       0xa0 /opt/devkitpro/libnx/lib/libnx.a(set.o)
                0x000000000000bcf0                setsysInitialize
 .text.setsysExit
                0x000000000000bd90       0x44 /opt/devkitpro/libnx/lib/libnx.a(set.o)
                0x000000000000bd90                setsysExit
 *fill*         0x000000000000bdd4        0xc 
 .text.setsysGetFirmwareVersion
                0x000000000000bde0       0x44 /opt/devkitpro/libnx/lib/libnx.a(set.o)
                0x000000000000bde0                setsysGetFirmwareVersion
 *fill*         0x000000000000be24        0xc 
 .text._fsCleanup
                0x000000000000be30       0xb4 /opt/devkitpro/libnx/lib/libnx.a(fs.o)
 *fill*         0x000000000000bee4        0xc 
 .text._fsCmdNoIO
                0x000000000000bef0      0x1b0 /opt/devkitpro/libnx/lib/libnx.a(fs.o)
 .text._fsFsCmdWithInPath
                0x000000000000c0a0      0x1d4 /opt/devkitpro/libnx/lib/libnx.a(fs.o)
 *fill*         0x000000000000c274        0xc 
 .text._fsFsCmdWithTwoInPaths
                0x000000000000c280      0x1fc /opt/devkitpro/libnx/lib/libnx.a(fs.o)
 *fill*         0x000000000000c47c        0x4 
 .text._fsFsOpenCommon
                0x000000000000c480      0x23c /opt/devkitpro/libnx/lib/libnx.a(fs.o)
 *fill*         0x000000000000c6bc        0x4 
 .text._fsFsCmdWithInPathAndOutU64
                0x000000000000c6c0      0x1f0 /opt/devkitpro/libnx/lib/libnx.a(fs.o)
 .text._fsObjectClose
                0x000000000000c8b0       0xf4 /opt/devkitpro/libnx/lib/libnx.a(fs.o)
 *fill*         0x000000000000c9a4        0xc 
 .text._fsCmdGetSession.constprop.0
                0x000000000000c9b0      0x17c /opt/devkitpro/libnx/lib/libnx.a(fs.o)
 *fill*         0x000000000000cb2c        0x4 
 .text.fsInitialize
                0x000000000000cb30      0x318 /opt/devkitpro/libnx/lib/libnx.a(fs.o)
                0x000000000000cb30                fsInitialize
 *fill*         0x000000000000ce48        0x8 
 .text.fsExit   0x000000000000ce50       0x44 /opt/devkitpro/libnx/lib/libnx.a(fs.o)
                0x000000000000ce50                fsExit
 *fill*         0x000000000000ce94        0xc 
 .text.fsOpenSdCardFileSystem
                0x000000000000cea0        0x8 /opt/devkitpro/libnx/lib/libnx.a(fs.o)
                0x000000000000cea0                fsOpenSdCardFileSystem
 *fill*         0x000000000000cea8        0x8 
 .text.fsFsCreateFile
                0x000000000000ceb0      0x1e4 /opt/devkitpro/libnx/lib/libnx.a(fs.o)
                0x000000000000ceb0                fsFsCreateFile
 *fill*         0x000000000000d094        0xc 
 .text.fsFsDeleteFile
                0x000000000000d0a0        0x8 /opt/devkitpro/libnx/lib/libnx.a(fs.o)
                0x000000000000d0a0                fsFsDeleteFile
 *fill*         0x000000000000d0a8        0x8 
 .text.fsFsCreateDirectory
                0x000000000000d0b0        0x8 /opt/devkitpro/libnx/lib/libnx.a(fs.o)
                0x000000000000d0b0                fsFsCreateDirectory
 *fill*         0x000000000000d0b8        0x8 
 .text.fsFsDeleteDirectory
                0x000000000000d0c0        0x8 /opt/devkitpro/libnx/lib/libnx.a(fs.o)
                0x000000000000d0c0                fsFsDeleteDirectory
 *fill*         0x000000000000d0c8        0x8 
 .text.fsFsRenameFile
                0x000000000000d0d0        0x8 /opt/devkitpro/libnx/lib/libnx.a(fs.o)
                0x000000000000d0d0                fsFsRenameFile
 *fill*         0x000000000000d0d8        0x8 
 .text.fsFsRenameDirectory
                0x000000000000d0e0        0x8 /opt/devkitpro/libnx/lib/libnx.a(fs.o)
                0x000000000000d0e0                fsFsRenameDirectory
 *fill*         0x000000000000d0e8        0x8 
 .text.fsFsGetEntryType
                0x000000000000d0f0      0x1ec /opt/devkitpro/libnx/lib/libnx.a(fs.o)
                0x000000000000d0f0                fsFsGetEntryType
 *fill*         0x000000000000d2dc        0x4 
 .text.fsFsOpenFile
                0x000000000000d2e0        0x8 /opt/devkitpro/libnx/lib/libnx.a(fs.o)
                0x000000000000d2e0                fsFsOpenFile
 *fill*         0x000000000000d2e8        0x8 
 .text.fsFsOpenDirectory
                0x000000000000d2f0        0x8 /opt/devkitpro/libnx/lib/libnx.a(fs.o)
                0x000000000000d2f0                fsFsOpenDirectory
 *fill*         0x000000000000d2f8        0x8 
 .text.fsFsGetFreeSpace
                0x000000000000d300        0x8 /opt/devkitpro/libnx/lib/libnx.a(fs.o)
                0x000000000000d300                fsFsGetFreeSpace
 *fill*         0x000000000000d308        0x8 
 .text.fsFsGetTotalSpace
                0x000000000000d310        0x8 /opt/devkitpro/libnx/lib/libnx.a(fs.o)
                0x000000000000d310                fsFsGetTotalSpace
 *fill*         0x000000000000d318        0x8 
 .text.fsFsGetFileTimeStampRaw
                0x000000000000d320      0x230 /opt/devkitpro/libnx/lib/libnx.a(fs.o)
                0x000000000000d320                fsFsGetFileTimeStampRaw
 .text.fsFsClose
                0x000000000000d550        0x4 /opt/devkitpro/libnx/lib/libnx.a(fs.o)
                0x000000000000d550                fsFsClose
 *fill*         0x000000000000d554        0xc 
 .text.fsFileRead
                0x000000000000d560      0x210 /opt/devkitpro/libnx/lib/libnx.a(fs.o)
                0x000000000000d560                fsFileRead
 .text.fsFileWrite
                0x000000000000d770      0x200 /opt/devkitpro/libnx/lib/libnx.a(fs.o)
                0x000000000000d770                fsFileWrite
 .text.fsFileFlush
                0x000000000000d970        0x8 /opt/devkitpro/libnx/lib/libnx.a(fs.o)
                0x000000000000d970                fsFileFlush
 *fill*         0x000000000000d978        0x8 
 .text.fsFileSetSize
                0x000000000000d980      0x1b4 /opt/devkitpro/libnx/lib/libnx.a(fs.o)
                0x000000000000d980                fsFileSetSize
 *fill*         0x000000000000db34        0xc 
 .text.fsFileGetSize
                0x000000000000db40      0x1c4 /opt/devkitpro/libnx/lib/libnx.a(fs.o)
                0x000000000000db40                fsFileGetSize
 *fill*         0x000000000000dd04        0xc 
 .text.fsFileClose
                0x000000000000dd10        0x4 /opt/devkitpro/libnx/lib/libnx.a(fs.o)
                0x000000000000dd10                fsFileClose
 *fill*         0x000000000000dd14        0xc 
 .text.fsDirClose
                0x000000000000dd20        0x4 /opt/devkitpro/libnx/lib/libnx.a(fs.o)
                0x000000000000dd20                fsDirClose
 *fill*         0x000000000000dd24        0xc 
 .text.fsDirRead
                0x000000000000dd30      0x204 /opt/devkitpro/libnx/lib/libnx.a(fs.o)
                0x000000000000dd30                fsDirRead
 *fill*         0x000000000000df34        0xc 
 .text._nvSetClientPID
                0x000000000000df40       0xcc /opt/devkitpro/libnx/lib/libnx.a(nv.o)
 *fill*         0x000000000000e00c        0x4 
 .text._nvCleanup
                0x000000000000e010       0xd0 /opt/devkitpro/libnx/lib/libnx.a(nv.o)
 .text._nvCmdInitialize.constprop.0
                0x000000000000e0e0       0xd4 /opt/devkitpro/libnx/lib/libnx.a(nv.o)
 *fill*         0x000000000000e1b4        0xc 
 .text.__nx_nv_create_tmem
                0x000000000000e1c0       0x1c /opt/devkitpro/libnx/lib/libnx.a(nv.o)
                0x000000000000e1c0                __nx_nv_create_tmem
 *fill*         0x000000000000e1dc        0x4 
 .text.nvInitialize
                0x000000000000e1e0      0x220 /opt/devkitpro/libnx/lib/libnx.a(nv.o)
                0x000000000000e1e0                nvInitialize
 .text.nvExit   0x000000000000e400       0x44 /opt/devkitpro/libnx/lib/libnx.a(nv.o)
                0x000000000000e400                nvExit
 *fill*         0x000000000000e444        0xc 
 .text.nvConvertError
                0x000000000000e450      0x140 /opt/devkitpro/libnx/lib/libnx.a(nv.o)
                0x000000000000e450                nvConvertError
 .text.nvOpen   0x000000000000e590      0x114 /opt/devkitpro/libnx/lib/libnx.a(nv.o)
                0x000000000000e590                nvOpen
 *fill*         0x000000000000e6a4        0xc 
 .text.nvIoctl  0x000000000000e6b0      0x290 /opt/devkitpro/libnx/lib/libnx.a(nv.o)
                0x000000000000e6b0                nvIoctl
 .text.nvClose  0x000000000000e940       0xd8 /opt/devkitpro/libnx/lib/libnx.a(nv.o)
                0x000000000000e940                nvClose
 *fill*         0x000000000000ea18        0x8 
 .text.nvQueryEvent
                0x000000000000ea20      0x108 /opt/devkitpro/libnx/lib/libnx.a(nv.o)
                0x000000000000ea20                nvQueryEvent
 *fill*         0x000000000000eb28        0x8 
 .text._timeCleanup
                0x000000000000eb30      0x228 /opt/devkitpro/libnx/lib/libnx.a(time.o)
 *fill*         0x000000000000ed58        0x8 
 .text._timeCmdNoInOutU64.constprop.0
                0x000000000000ed60       0xc8 /opt/devkitpro/libnx/lib/libnx.a(time.o)
 *fill*         0x000000000000ee28        0x8 
 .text._timeCmdGetSession.constprop.0
                0x000000000000ee30      0x100 /opt/devkitpro/libnx/lib/libnx.a(time.o)
 .text._timeGetSharedMemoryNativeHandle.constprop.0
                0x000000000000ef30       0xcc /opt/devkitpro/libnx/lib/libnx.a(time.o)
 *fill*         0x000000000000effc        0x4 
 .text._timeReadClockFromSharedMem
                0x000000000000f000      0x110 /opt/devkitpro/libnx/lib/libnx.a(time.o)
 .text.timeInitialize
                0x000000000000f110      0x238 /opt/devkitpro/libnx/lib/libnx.a(time.o)
                0x000000000000f110                timeInitialize
 *fill*         0x000000000000f348        0x8 
 .text.timeExit
                0x000000000000f350       0x44 /opt/devkitpro/libnx/lib/libnx.a(time.o)
                0x000000000000f350                timeExit
 *fill*         0x000000000000f394        0xc 
 .text.timeGetServiceSession_SystemClock
                0x000000000000f3a0       0x38 /opt/devkitpro/libnx/lib/libnx.a(time.o)
                0x000000000000f3a0                timeGetServiceSession_SystemClock
 *fill*         0x000000000000f3d8        0x8 
 .text.timeGetCurrentTime
                0x000000000000f3e0       0x5c /opt/devkitpro/libnx/lib/libnx.a(time.o)
                0x000000000000f3e0                timeGetCurrentTime
 *fill*         0x000000000000f43c        0x4 
 .text.timeToCalendarTimeWithMyRule
                0x000000000000f440      0x110 /opt/devkitpro/libnx/lib/libnx.a(time.o)
                0x000000000000f440                timeToCalendarTimeWithMyRule
 .text.timeToPosixTimeWithMyRule
                0x000000000000f550      0x104 /opt/devkitpro/libnx/lib/libnx.a(time.o)
                0x000000000000f550                timeToPosixTimeWithMyRule
 *fill*         0x000000000000f654        0xc 
 .text._nvFenceCleanup
                0x000000000000f660       0x7c /opt/devkitpro/libnx/lib/libnx.a(fence.o)
 *fill*         0x000000000000f6dc        0x4 
 .text.nvFenceInit
                0x000000000000f6e0       0x98 /opt/devkitpro/libnx/lib/libnx.a(fence.o)
                0x000000000000f6e0                nvFenceInit
 *fill*         0x000000000000f778        0x8 
 .text.nvFenceExit
                0x000000000000f780       0x44 /opt/devkitpro/libnx/lib/libnx.a(fence.o)
                0x000000000000f780                nvFenceExit
 *fill*         0x000000000000f7c4        0xc 
 .text.nvFenceWait
                0x000000000000f7d0      0x234 /opt/devkitpro/libnx/lib/libnx.a(fence.o)
                0x000000000000f7d0                nvFenceWait
 *fill*         0x000000000000fa04        0xc 
 .text.nvMultiFenceWait
                0x000000000000fa10       0x74 /opt/devkitpro/libnx/lib/libnx.a(fence.o)
                0x000000000000fa10                nvMultiFenceWait
 *fill*         0x000000000000fa84        0xc 
 .text.nvMapInit
                0x000000000000fa90       0xb4 /opt/devkitpro/libnx/lib/libnx.a(map.o)
                0x000000000000fa90                nvMapInit
 *fill*         0x000000000000fb44        0xc 
 .text.nvMapExit
                0x000000000000fb50       0x6c /opt/devkitpro/libnx/lib/libnx.a(map.o)
                0x000000000000fb50                nvMapExit
 *fill*         0x000000000000fbbc        0x4 
 .text.nvMapClose
                0x000000000000fbc0       0x80 /opt/devkitpro/libnx/lib/libnx.a(map.o)
                0x000000000000fbc0                nvMapClose
 .text.nvMapCreate
                0x000000000000fc40      0x160 /opt/devkitpro/libnx/lib/libnx.a(map.o)
                0x000000000000fc40                nvMapCreate
 .text.nvioctlNvhostCtrl_EventSignal
                0x000000000000fda0       0x28 /opt/devkitpro/libnx/lib/libnx.a(nvhost-ctrl.o)
                0x000000000000fda0                nvioctlNvhostCtrl_EventSignal
 *fill*         0x000000000000fdc8        0x8 
 .text.nvioctlNvhostCtrl_EventWait
                0x000000000000fdd0       0x44 /opt/devkitpro/libnx/lib/libnx.a(nvhost-ctrl.o)
                0x000000000000fdd0                nvioctlNvhostCtrl_EventWait
 *fill*         0x000000000000fe14        0xc 
 .text.nvioctlNvhostCtrl_EventWaitAsync
                0x000000000000fe20       0x30 /opt/devkitpro/libnx/lib/libnx.a(nvhost-ctrl.o)
                0x000000000000fe20                nvioctlNvhostCtrl_EventWaitAsync
 .text.nvioctlNvhostCtrl_EventRegister
                0x000000000000fe50       0x28 /opt/devkitpro/libnx/lib/libnx.a(nvhost-ctrl.o)
                0x000000000000fe50                nvioctlNvhostCtrl_EventRegister
 *fill*         0x000000000000fe78        0x8 
 .text.nvioctlNvhostCtrl_EventUnregister
                0x000000000000fe80       0x28 /opt/devkitpro/libnx/lib/libnx.a(nvhost-ctrl.o)
                0x000000000000fe80                nvioctlNvhostCtrl_EventUnregister
 *fill*         0x000000000000fea8        0x8 
 .text.nvioctlNvmap_Create
                0x000000000000feb0       0x40 /opt/devkitpro/libnx/lib/libnx.a(nvmap.o)
                0x000000000000feb0                nvioctlNvmap_Create
 .text.nvioctlNvmap_Alloc
                0x000000000000fef0       0x40 /opt/devkitpro/libnx/lib/libnx.a(nvmap.o)
                0x000000000000fef0                nvioctlNvmap_Alloc
 .text.nvioctlNvmap_Free
                0x000000000000ff30       0x30 /opt/devkitpro/libnx/lib/libnx.a(nvmap.o)
                0x000000000000ff30                nvioctlNvmap_Free
 .text.nvioctlNvmap_GetId
                0x000000000000ff60       0x40 /opt/devkitpro/libnx/lib/libnx.a(nvmap.o)
                0x000000000000ff60                nvioctlNvmap_GetId
 .text.bqRequestBuffer
                0x000000000000ffa0       0xd8 /opt/devkitpro/libnx/lib/libnx.a(buffer_producer.o)
                0x000000000000ffa0                bqRequestBuffer
 *fill*         0x0000000000010078        0x8 
 .text.bqDequeueBuffer
                0x0000000000010080      0x160 /opt/devkitpro/libnx/lib/libnx.a(buffer_producer.o)
                0x0000000000010080                bqDequeueBuffer
 .text.bqQueueBuffer
                0x00000000000101e0       0xdc /opt/devkitpro/libnx/lib/libnx.a(buffer_producer.o)
                0x00000000000101e0                bqQueueBuffer
 *fill*         0x00000000000102bc        0x4 
 .text.bqCancelBuffer
                0x00000000000102c0       0x94 /opt/devkitpro/libnx/lib/libnx.a(buffer_producer.o)
                0x00000000000102c0                bqCancelBuffer
 *fill*         0x0000000000010354        0xc 
 .text.bqConnect
                0x0000000000010360       0xe4 /opt/devkitpro/libnx/lib/libnx.a(buffer_producer.o)
                0x0000000000010360                bqConnect
 *fill*         0x0000000000010444        0xc 
 .text.bqDisconnect
                0x0000000000010450       0x9c /opt/devkitpro/libnx/lib/libnx.a(buffer_producer.o)
                0x0000000000010450                bqDisconnect
 *fill*         0x00000000000104ec        0x4 
 .text.bqSetPreallocatedBuffer
                0x00000000000104f0      0x174 /opt/devkitpro/libnx/lib/libnx.a(buffer_producer.o)
                0x00000000000104f0                bqSetPreallocatedBuffer
 *fill*         0x0000000000010664        0xc 
 .text.binderCreate
                0x0000000000010670       0x18 /opt/devkitpro/libnx/lib/libnx.a(binder.o)
                0x0000000000010670                binderCreate
 *fill*         0x0000000000010688        0x8 
 .text.binderTransactParcel
                0x0000000000010690      0x3b0 /opt/devkitpro/libnx/lib/libnx.a(binder.o)
                0x0000000000010690                binderTransactParcel
 .text.binderConvertErrorCode
                0x0000000000010a40      0x124 /opt/devkitpro/libnx/lib/libnx.a(binder.o)
                0x0000000000010a40                binderConvertErrorCode
 *fill*         0x0000000000010b64        0xc 
 .text.binderAdjustRefcount
                0x0000000000010b70      0x124 /opt/devkitpro/libnx/lib/libnx.a(binder.o)
                0x0000000000010b70                binderAdjustRefcount
 *fill*         0x0000000000010c94        0xc 
 .text.binderInitSession
                0x0000000000010ca0       0x98 /opt/devkitpro/libnx/lib/libnx.a(binder.o)
                0x0000000000010ca0                binderInitSession
 *fill*         0x0000000000010d38        0x8 
 .text.binderClose
                0x0000000000010d40       0x68 /opt/devkitpro/libnx/lib/libnx.a(binder.o)
                0x0000000000010d40                binderClose
 *fill*         0x0000000000010da8        0x8 
 .text.binderGetNativeHandle
                0x0000000000010db0      0x158 /opt/devkitpro/libnx/lib/libnx.a(binder.o)
                0x0000000000010db0                binderGetNativeHandle
 *fill*         0x0000000000010f08        0x8 
 .text.parcelCreate
                0x0000000000010f10       0x30 /opt/devkitpro/libnx/lib/libnx.a(parcel.o)
                0x0000000000010f10                parcelCreate
 .text.parcelTransact
                0x0000000000010f40      0x19c /opt/devkitpro/libnx/lib/libnx.a(parcel.o)
                0x0000000000010f40                parcelTransact
 *fill*         0x00000000000110dc        0x4 
 .text.parcelWriteData
                0x00000000000110e0       0x88 /opt/devkitpro/libnx/lib/libnx.a(parcel.o)
                0x00000000000110e0                parcelWriteData
 *fill*         0x0000000000011168        0x8 
 .text.parcelReadData
                0x0000000000011170       0x98 /opt/devkitpro/libnx/lib/libnx.a(parcel.o)
                0x0000000000011170                parcelReadData
 *fill*         0x0000000000011208        0x8 
 .text.parcelWriteInt32
                0x0000000000011210       0x20 /opt/devkitpro/libnx/lib/libnx.a(parcel.o)
                0x0000000000011210                parcelWriteInt32
 .text.parcelWriteUInt32
                0x0000000000011230       0x20 /opt/devkitpro/libnx/lib/libnx.a(parcel.o)
                0x0000000000011230                parcelWriteUInt32
 .text.parcelWriteString16
                0x0000000000011250       0x7c /opt/devkitpro/libnx/lib/libnx.a(parcel.o)
                0x0000000000011250                parcelWriteString16
 *fill*         0x00000000000112cc        0x4 
 .text.parcelWriteInterfaceToken
                0x00000000000112d0       0x30 /opt/devkitpro/libnx/lib/libnx.a(parcel.o)
                0x00000000000112d0                parcelWriteInterfaceToken
 .text.parcelReadInt32
                0x0000000000011300       0x24 /opt/devkitpro/libnx/lib/libnx.a(parcel.o)
                0x0000000000011300                parcelReadInt32
 *fill*         0x0000000000011324        0xc 
 .text.parcelReadFlattenedObject
                0x0000000000011330       0x68 /opt/devkitpro/libnx/lib/libnx.a(parcel.o)
                0x0000000000011330                parcelReadFlattenedObject
 *fill*         0x0000000000011398        0x8 
 .text.parcelWriteFlattenedObject
                0x00000000000113a0       0x4c /opt/devkitpro/libnx/lib/libnx.a(parcel.o)
                0x00000000000113a0                parcelWriteFlattenedObject
 *fill*         0x00000000000113ec        0x4 
 .text.nxlinkSetup
                0x00000000000113f0       0xc4 /opt/devkitpro/libnx/lib/libnx.a(nxlink.o)
                0x00000000000113f0                nxlinkSetup
 *fill*         0x00000000000114b4        0xc 
 .text.sessionmgrCreate
                0x00000000000114c0      0x180 /opt/devkitpro/libnx/lib/libnx.a(sessionmgr.o)
                0x00000000000114c0                sessionmgrCreate
 .text.sessionmgrClose
                0x0000000000011640       0x84 /opt/devkitpro/libnx/lib/libnx.a(sessionmgr.o)
                0x0000000000011640                sessionmgrClose
 *fill*         0x00000000000116c4        0xc 
 .text.sessionmgrAttachClient
                0x00000000000116d0       0xb4 /opt/devkitpro/libnx/lib/libnx.a(sessionmgr.o)
                0x00000000000116d0                sessionmgrAttachClient
 *fill*         0x0000000000011784        0xc 
 .text.sessionmgrDetachClient
                0x0000000000011790       0x70 /opt/devkitpro/libnx/lib/libnx.a(sessionmgr.o)
                0x0000000000011790                sessionmgrDetachClient
 .text.aligned_alloc
                0x0000000000011800       0x2c /opt/devkitpro/devkitA64/bin/../lib/gcc/aarch64-none-elf/11.1.0/../../../../aarch64-none-elf/lib/pic/libg.a(lib_a-aligned_alloc.o)
                0x0000000000011800                aligned_alloc
 *fill*         0x000000000001182c        0x4 
 .text.bsearch  0x0000000000011830       0xb8 /opt/devkitpro/devkitA64/bin/../lib/gcc/aarch64-none-elf/11.1.0/../../../../aarch64-none-elf/lib/pic/libg.a(lib_a-bsearch.o)
                0x0000000000011830                bsearch
 *fill*         0x00000000000118e8        0x8 
 .text.__errno  0x00000000000118f0       0x14 /opt/devkitpro/devkitA64/bin/../lib/gcc/aarch64-none-elf/11.1.0/../../../../aarch64-none-elf/lib/pic/libg.a(lib_a-errno.o)
                0x00000000000118f0                __errno
 *fill*         0x0000000000011904        0xc 
 .text.__libc_fini_array
                0x0000000000011910       0x44 /opt/devkitpro/devkitA64/bin/../lib/gcc/aarch64-none-elf/11.1.0/../../../../aarch64-none-elf/lib/pic/libg.a(lib_a-fini.o)
                0x0000000000011910                __libc_fini_array
 *fill*         0x0000000000011954        0xc 
 .text.gmtime   0x0000000000011960       0x2c /opt/devkitpro/devkitA64/bin/../lib/gcc/aarch64-none-elf/11.1.0/../../../../aarch64-none-elf/lib/pic/libg.a(lib_a-gmtime.o)
                0x0000000000011960                gmtime
 *fill*         0x000000000001198c        0x4 
 .text.gmtime_r
                0x0000000000011990      0x29c /opt/devkitpro/devkitA64/bin/../lib/gcc/aarch64-none-elf/11.1.0/../../../../aarch64-none-elf/lib/pic/libg.a(lib_a-gmtime_r.o)
                0x0000000000011990                gmtime_r
 *fill*         0x0000000000011c2c        0x4 
 .text.__libc_init_array
                0x0000000000011c30       0x8c /opt/devkitpro/devkitA64/bin/../lib/gcc/aarch64-none-elf/11.1.0/../../../../aarch64-none-elf/lib/pic/libg.a(lib_a-init.o)
                0x0000000000011c30                __libc_init_array
 *fill*         0x0000000000011cbc        0x4 
 .text._memalign_r
                0x0000000000011cc0      0x17c /opt/devkitpro/devkitA64/bin/../lib/gcc/aarch64-none-elf/11.1.0/../../../../aarch64-none-elf/lib/pic/libg.a(lib_a-malignr.o)
                0x0000000000011cc0                _memalign_r
 *fill*         0x0000000000011e3c        0x4 
 .text.malloc   0x0000000000011e40       0x24 /opt/devkitpro/devkitA64/bin/../lib/gcc/aarch64-none-elf/11.1.0/../../../../aarch64-none-elf/lib/pic/libg.a(lib_a-malloc.o)
                0x0000000000011e40                malloc
 *fill*         0x0000000000011e64        0xc 
 .text.free     0x0000000000011e70       0x24 /opt/devkitpro/devkitA64/bin/../lib/gcc/aarch64-none-elf/11.1.0/../../../../aarch64-none-elf/lib/pic/libg.a(lib_a-malloc.o)
                0x0000000000011e70                free
 *fill*         0x0000000000011e94        0xc 
 .text._malloc_r
                0x0000000000011ea0      0x86c /opt/devkitpro/devkitA64/bin/../lib/gcc/aarch64-none-elf/11.1.0/../../../../aarch64-none-elf/lib/pic/libg.a(lib_a-mallocr.o)
                0x0000000000011ea0                _malloc_r
 .text          0x000000000001270c       0xd8 /opt/devkitpro/devkitA64/bin/../lib/gcc/aarch64-none-elf/11.1.0/../../../../aarch64-none-elf/lib/pic/libg.a(lib_a-memchr.o)
                0x000000000001270c                memchr
 *fill*         0x00000000000127e4       0x1c 
 .text          0x0000000000012800      0x16c /opt/devkitpro/devkitA64/bin/../lib/gcc/aarch64-none-elf/11.1.0/../../../../aarch64-none-elf/lib/pic/libg.a(lib_a-memcpy.o)
                0x0000000000012800                memcpy
 *fill*         0x000000000001296c       0x14 
 .text          0x0000000000012980      0x1dc /opt/devkitpro/devkitA64/bin/../lib/gcc/aarch64-none-elf/11.1.0/../../../../aarch64-none-elf/lib/pic/libg.a(lib_a-memset.o)
                0x0000000000012980                memset
 *fill*         0x0000000000012b5c        0x4 
 .text.__malloc_lock
                0x0000000000012b60        0xc /opt/devkitpro/devkitA64/bin/../lib/gcc/aarch64-none-elf/11.1.0/../../../../aarch64-none-elf/lib/pic/libg.a(lib_a-mlock.o)
                0x0000000000012b60                __malloc_lock
 *fill*         0x0000000000012b6c        0x4 
 .text.__malloc_unlock
                0x0000000000012b70        0xc /opt/devkitpro/devkitA64/bin/../lib/gcc/aarch64-none-elf/11.1.0/../../../../aarch64-none-elf/lib/pic/libg.a(lib_a-mlock.o)
                0x0000000000012b70                __malloc_unlock
 *fill*         0x0000000000012b7c        0x4 
 .text.printf   0x0000000000012b80       0x84 /opt/devkitpro/devkitA64/bin/../lib/gcc/aarch64-none-elf/11.1.0/../../../../aarch64-none-elf/lib/pic/libg.a(lib_a-printf.o)
                0x0000000000012b80                printf
 *fill*         0x0000000000012c04        0xc 
 .text.setenv   0x0000000000012c10       0x3c /opt/devkitpro/devkitA64/bin/../lib/gcc/aarch64-none-elf/11.1.0/../../../../aarch64-none-elf/lib/pic/libg.a(lib_a-setenv.o)
                0x0000000000012c10                setenv
 *fill*         0x0000000000012c4c        0x4 
 .text._setenv_r
                0x0000000000012c50      0x268 /opt/devkitpro/devkitA64/bin/../lib/gcc/aarch64-none-elf/11.1.0/../../../../aarch64-none-elf/lib/pic/libg.a(lib_a-setenv_r.o)
                0x0000000000012c50                _setenv_r
 *fill*         0x0000000000012eb8        0x8 
 .text.setvbuf  0x0000000000012ec0      0x278 /opt/devkitpro/devkitA64/bin/../lib/gcc/aarch64-none-elf/11.1.0/../../../../aarch64-none-elf/lib/pic/libg.a(lib_a-setvbuf.o)
                0x0000000000012ec0                setvbuf
 *fill*         0x0000000000013138        0x8 
 .text.sscanf   0x0000000000013140       0xbc /opt/devkitpro/devkitA64/bin/../lib/gcc/aarch64-none-elf/11.1.0/../../../../aarch64-none-elf/lib/pic/libg.a(lib_a-sscanf.o)
                0x0000000000013140                sscanf
 *fill*         0x00000000000131fc        0x4 
 .text.__sread  0x0000000000013200       0x50 /opt/devkitpro/devkitA64/bin/../lib/gcc/aarch64-none-elf/11.1.0/../../../../aarch64-none-elf/lib/pic/libg.a(lib_a-stdio.o)
                0x0000000000013200                __sread
 .text.__seofread
                0x0000000000013250        0x8 /opt/devkitpro/devkitA64/bin/../lib/gcc/aarch64-none-elf/11.1.0/../../../../aarch64-none-elf/lib/pic/libg.a(lib_a-stdio.o)
                0x0000000000013250                __seofread
 *fill*         0x0000000000013258        0x8 
 .text.__swrite
                0x0000000000013260       0x6c /opt/devkitpro/devkitA64/bin/../lib/gcc/aarch64-none-elf/11.1.0/../../../../aarch64-none-elf/lib/pic/libg.a(lib_a-stdio.o)
                0x0000000000013260                __swrite
 *fill*         0x00000000000132cc        0x4 
 .text.__sseek  0x00000000000132d0       0x50 /opt/devkitpro/devkitA64/bin/../lib/gcc/aarch64-none-elf/11.1.0/../../../../aarch64-none-elf/lib/pic/libg.a(lib_a-stdio.o)
                0x00000000000132d0                __sseek
 .text.__sclose
                0x0000000000013320        0x8 /opt/devkitpro/devkitA64/bin/../lib/gcc/aarch64-none-elf/11.1.0/../../../../aarch64-none-elf/lib/pic/libg.a(lib_a-stdio.o)
                0x0000000000013320                __sclose
 .text          0x0000000000013328       0xdc /opt/devkitpro/devkitA64/bin/../lib/gcc/aarch64-none-elf/11.1.0/../../../../aarch64-none-elf/lib/pic/libg.a(lib_a-strchr.o)
                0x0000000000013328                strchr
 *fill*         0x0000000000013404       0x3c 
 .text          0x0000000000013440       0xe4 /opt/devkitpro/devkitA64/bin/../lib/gcc/aarch64-none-elf/11.1.0/../../../../aarch64-none-elf/lib/pic/libg.a(lib_a-strcmp.o)
                0x0000000000013440                strcmp
 *fill*         0x0000000000013524       0x1c 
 .text          0x0000000000013540      0x140 /opt/devkitpro/devkitA64/bin/../lib/gcc/aarch64-none-elf/11.1.0/../../../../aarch64-none-elf/lib/pic/libg.a(lib_a-strlen.o)
                0x0000000000013540                strlen
 .text.strncat  0x0000000000013680       0x7c /opt/devkitpro/devkitA64/bin/../lib/gcc/aarch64-none-elf/11.1.0/../../../../aarch64-none-elf/lib/pic/libg.a(lib_a-strncat.o)
                0x0000000000013680                strncat
 *fill*         0x00000000000136fc        0x4 
 .text          0x0000000000013700      0x1d4 /opt/devkitpro/devkitA64/bin/../lib/gcc/aarch64-none-elf/11.1.0/../../../../aarch64-none-elf/lib/pic/libg.a(lib_a-strncmp.o)
                0x000000000001371c                strncmp
 *fill*         0x00000000000138d4        0xc 
 .text.strncpy  0x00000000000138e0       0x9c /opt/devkitpro/devkitA64/bin/../lib/gcc/aarch64-none-elf/11.1.0/../../../../aarch64-none-elf/lib/pic/libg.a(lib_a-strncpy.o)
                0x00000000000138e0                strncpy
 *fill*         0x000000000001397c        0x4 
 .text          0x0000000000013980       0xe0 /opt/devkitpro/devkitA64/bin/../lib/gcc/aarch64-none-elf/11.1.0/../../../../aarch64-none-elf/lib/pic/libg.a(lib_a-strnlen.o)
                0x00000000000139a4                strnlen
 .text._strtoul_l.constprop.0
                0x0000000000013a60      0x19c /opt/devkitpro/devkitA64/bin/../lib/gcc/aarch64-none-elf/11.1.0/../../../../aarch64-none-elf/lib/pic/libg.a(lib_a-strtoul.o)
 *fill*         0x0000000000013bfc        0x4 
 .text._strtoul_r
                0x0000000000013c00       0x44 /opt/devkitpro/devkitA64/bin/../lib/gcc/aarch64-none-elf/11.1.0/../../../../aarch64-none-elf/lib/pic/libg.a(lib_a-strtoul.o)
                0x0000000000013c00                _strtoul_r
 *fill*         0x0000000000013c44        0xc 
 .text.strtoul  0x0000000000013c50       0x48 /opt/devkitpro/devkitA64/bin/../lib/gcc/aarch64-none-elf/11.1.0/../../../../aarch64-none-elf/lib/pic/libg.a(lib_a-strtoul.o)
                0x0000000000013c50                strtoul
 .text.get_arg  0x0000000000013c98       0x74 /opt/devkitpro/devkitA64/bin/../lib/gcc/aarch64-none-elf/11.1.0/../../../../aarch64-none-elf/lib/pic/libg.a(lib_a-svfscanf.o)
 .text.__ssvfscanf_r
                0x0000000000013d0c     0x3118 /opt/devkitpro/devkitA64/bin/../lib/gcc/aarch64-none-elf/11.1.0/../../../../aarch64-none-elf/lib/pic/libg.a(lib_a-svfscanf.o)
                0x0000000000013d0c                __ssvfscanf_r
 .text.get_arg  0x0000000000016e24      0x7e0 /opt/devkitpro/devkitA64/bin/../lib/gcc/aarch64-none-elf/11.1.0/../../../../aarch64-none-elf/lib/pic/libg.a(lib_a-vfprintf.o)
 .text._vfprintf_r
                0x0000000000017604     0x3c78 /opt/devkitpro/devkitA64/bin/../lib/gcc/aarch64-none-elf/11.1.0/../../../../aarch64-none-elf/lib/pic/libg.a(lib_a-vfprintf.o)
                0x0000000000017604                _vfprintf_r
 .text.__sbprintf
                0x000000000001b27c       0xf0 /opt/devkitpro/devkitA64/bin/../lib/gcc/aarch64-none-elf/11.1.0/../../../../aarch64-none-elf/lib/pic/libg.a(lib_a-vfprintf.o)
 *fill*         0x000000000001b36c        0x4 
 .text._wcrtomb_r
                0x000000000001b370       0xd8 /opt/devkitpro/devkitA64/bin/../lib/gcc/aarch64-none-elf/11.1.0/../../../../aarch64-none-elf/lib/pic/libg.a(lib_a-wcrtomb.o)
                0x000000000001b370                _wcrtomb_r
 *fill*         0x000000000001b448        0x8 
 .text._wcsrtombs_r
                0x000000000001b450       0x10 /opt/devkitpro/devkitA64/bin/../lib/gcc/aarch64-none-elf/11.1.0/../../../../aarch64-none-elf/lib/pic/libg.a(lib_a-wcsrtombs.o)
                0x000000000001b450                _wcsrtombs_r
 .text.__swsetup_r
                0x000000000001b460      0x140 /opt/devkitpro/devkitA64/bin/../lib/gcc/aarch64-none-elf/11.1.0/../../../../aarch64-none-elf/lib/pic/libg.a(lib_a-wsetup.o)
                0x000000000001b460                __swsetup_r
 .text.__call_exitprocs
                0x000000000001b5a0      0x12c /opt/devkitpro/devkitA64/bin/../lib/gcc/aarch64-none-elf/11.1.0/../../../../aarch64-none-elf/lib/pic/libg.a(lib_a-__call_atexit.o)
                0x000000000001b5a0                __call_exitprocs
 *fill*         0x000000000001b6cc        0x4 
 .text.quorem   0x000000000001b6d0      0x19c /opt/devkitpro/devkitA64/bin/../lib/gcc/aarch64-none-elf/11.1.0/../../../../aarch64-none-elf/lib/pic/libg.a(lib_a-dtoa.o)
 *fill*         0x000000000001b86c        0x4 
 .text._dtoa_r  0x000000000001b870     0x1190 /opt/devkitpro/devkitA64/bin/../lib/gcc/aarch64-none-elf/11.1.0/../../../../aarch64-none-elf/lib/pic/libg.a(lib_a-dtoa.o)
                0x000000000001b870                _dtoa_r
 .text.__env_lock
                0x000000000001ca00        0xc /opt/devkitpro/devkitA64/bin/../lib/gcc/aarch64-none-elf/11.1.0/../../../../aarch64-none-elf/lib/pic/libg.a(lib_a-envlock.o)
                0x000000000001ca00                __env_lock
 *fill*         0x000000000001ca0c        0x4 
 .text.__env_unlock
                0x000000000001ca10        0xc /opt/devkitpro/devkitA64/bin/../lib/gcc/aarch64-none-elf/11.1.0/../../../../aarch64-none-elf/lib/pic/libg.a(lib_a-envlock.o)
                0x000000000001ca10                __env_unlock
 *fill*         0x000000000001ca1c        0x4 
 .text.__sflush_r
                0x000000000001ca20      0x228 /opt/devkitpro/devkitA64/bin/../lib/gcc/aarch64-none-elf/11.1.0/../../../../aarch64-none-elf/lib/pic/libg.a(lib_a-fflush.o)
                0x000000000001ca20                __sflush_r
 *fill*         0x000000000001cc48        0x8 
 .text._fflush_r
                0x000000000001cc50       0xb8 /opt/devkitpro/devkitA64/bin/../lib/gcc/aarch64-none-elf/11.1.0/../../../../aarch64-none-elf/lib/pic/libg.a(lib_a-fflush.o)
                0x000000000001cc50                _fflush_r
 *fill*         0x000000000001cd08        0x8 
 .text._cleanup_r
                0x000000000001cd10        0xc /opt/devkitpro/devkitA64/bin/../lib/gcc/aarch64-none-elf/11.1.0/../../../../aarch64-none-elf/lib/pic/libg.a(lib_a-findfp.o)
                0x000000000001cd10                _cleanup_r
 *fill*         0x000000000001cd1c        0x4 
 .text.__sfp_lock_acquire
                0x000000000001cd20        0xc /opt/devkitpro/devkitA64/bin/../lib/gcc/aarch64-none-elf/11.1.0/../../../../aarch64-none-elf/lib/pic/libg.a(lib_a-findfp.o)
                0x000000000001cd20                __sfp_lock_acquire
 *fill*         0x000000000001cd2c        0x4 
 .text.__sfp_lock_release
                0x000000000001cd30        0xc /opt/devkitpro/devkitA64/bin/../lib/gcc/aarch64-none-elf/11.1.0/../../../../aarch64-none-elf/lib/pic/libg.a(lib_a-findfp.o)
                0x000000000001cd30                __sfp_lock_release
 *fill*         0x000000000001cd3c        0x4 
 .text.__sinit_lock_acquire
                0x000000000001cd40        0xc /opt/devkitpro/devkitA64/bin/../lib/gcc/aarch64-none-elf/11.1.0/../../../../aarch64-none-elf/lib/pic/libg.a(lib_a-findfp.o)
                0x000000000001cd40                __sinit_lock_acquire
 *fill*         0x000000000001cd4c        0x4 
 .text.__sinit_lock_release
                0x000000000001cd50        0xc /opt/devkitpro/devkitA64/bin/../lib/gcc/aarch64-none-elf/11.1.0/../../../../aarch64-none-elf/lib/pic/libg.a(lib_a-findfp.o)
                0x000000000001cd50                __sinit_lock_release
 *fill*         0x000000000001cd5c        0x4 
 .text.__sinit  0x000000000001cd60      0x154 /opt/devkitpro/devkitA64/bin/../lib/gcc/aarch64-none-elf/11.1.0/../../../../aarch64-none-elf/lib/pic/libg.a(lib_a-findfp.o)
                0x000000000001cd60                __sinit
 *fill*         0x000000000001ceb4        0xc 
 .text._malloc_trim_r
                0x000000000001cec0      0x118 /opt/devkitpro/devkitA64/bin/../lib/gcc/aarch64-none-elf/11.1.0/../../../../aarch64-none-elf/lib/pic/libg.a(lib_a-freer.o)
                0x000000000001cec0                _malloc_trim_r
 *fill*         0x000000000001cfd8        0x8 
 .text._free_r  0x000000000001cfe0      0x2f0 /opt/devkitpro/devkitA64/bin/../lib/gcc/aarch64-none-elf/11.1.0/../../../../aarch64-none-elf/lib/pic/libg.a(lib_a-freer.o)
                0x000000000001cfe0                _free_r
 .text._fwalk_reent
                0x000000000001d2d0       0xa4 /opt/devkitpro/devkitA64/bin/../lib/gcc/aarch64-none-elf/11.1.0/../../../../aarch64-none-elf/lib/pic/libg.a(lib_a-fwalk.o)
                0x000000000001d2d0                _fwalk_reent
 *fill*         0x000000000001d374        0xc 
 .text._findenv_r
                0x000000000001d380      0x100 /opt/devkitpro/devkitA64/bin/../lib/gcc/aarch64-none-elf/11.1.0/../../../../aarch64-none-elf/lib/pic/libg.a(lib_a-getenv_r.o)
                0x000000000001d380                _findenv_r
 .text.iswspace
                0x000000000001d480        0x8 /opt/devkitpro/devkitA64/bin/../lib/gcc/aarch64-none-elf/11.1.0/../../../../aarch64-none-elf/lib/pic/libg.a(lib_a-iswspace.o)
                0x000000000001d480                iswspace
 *fill*         0x000000000001d488        0x8 
 .text.__localeconv_l
                0x000000000001d490        0x8 /opt/devkitpro/devkitA64/bin/../lib/gcc/aarch64-none-elf/11.1.0/../../../../aarch64-none-elf/lib/pic/libg.a(lib_a-localeconv.o)
                0x000000000001d490                __localeconv_l
 *fill*         0x000000000001d498        0x8 
 .text._localeconv_r
                0x000000000001d4a0       0x28 /opt/devkitpro/devkitA64/bin/../lib/gcc/aarch64-none-elf/11.1.0/../../../../aarch64-none-elf/lib/pic/libg.a(lib_a-localeconv.o)
                0x000000000001d4a0                _localeconv_r
 *fill*         0x000000000001d4c8        0x8 
 .text.__locale_mb_cur_max
                0x000000000001d4d0       0x2c /opt/devkitpro/devkitA64/bin/../lib/gcc/aarch64-none-elf/11.1.0/../../../../aarch64-none-elf/lib/pic/libg.a(lib_a-locale.o)
                0x000000000001d4d0                __locale_mb_cur_max
 *fill*         0x000000000001d4fc        0x4 
 .text.__swhatbuf_r
                0x000000000001d500       0x94 /opt/devkitpro/devkitA64/bin/../lib/gcc/aarch64-none-elf/11.1.0/../../../../aarch64-none-elf/lib/pic/libg.a(lib_a-makebuf.o)
                0x000000000001d500                __swhatbuf_r
 *fill*         0x000000000001d594        0xc 
 .text.__smakebuf_r
                0x000000000001d5a0      0x10c /opt/devkitpro/devkitA64/bin/../lib/gcc/aarch64-none-elf/11.1.0/../../../../aarch64-none-elf/lib/pic/libg.a(lib_a-makebuf.o)
                0x000000000001d5a0                __smakebuf_r
 *fill*         0x000000000001d6ac        0x4 
 .text._mbrtowc_r
                0x000000000001d6b0       0xf0 /opt/devkitpro/devkitA64/bin/../lib/gcc/aarch64-none-elf/11.1.0/../../../../aarch64-none-elf/lib/pic/libg.a(lib_a-mbrtowc.o)
                0x000000000001d6b0                _mbrtowc_r
 .text.__utf8_mbtowc
                0x000000000001d7a0      0x2c8 /opt/devkitpro/devkitA64/bin/../lib/gcc/aarch64-none-elf/11.1.0/../../../../aarch64-none-elf/lib/pic/libg.a(lib_a-mbtowc_r.o)
                0x000000000001d7a0                __utf8_mbtowc
 *fill*         0x000000000001da68        0x8 
 .text._Balloc  0x000000000001da70       0x8c /opt/devkitpro/devkitA64/bin/../lib/gcc/aarch64-none-elf/11.1.0/../../../../aarch64-none-elf/lib/pic/libg.a(lib_a-mprec.o)
                0x000000000001da70                _Balloc
 *fill*         0x000000000001dafc        0x4 
 .text._Bfree   0x000000000001db00       0x1c /opt/devkitpro/devkitA64/bin/../lib/gcc/aarch64-none-elf/11.1.0/../../../../aarch64-none-elf/lib/pic/libg.a(lib_a-mprec.o)
                0x000000000001db00                _Bfree
 *fill*         0x000000000001db1c        0x4 
 .text.__multadd
                0x000000000001db20      0x108 /opt/devkitpro/devkitA64/bin/../lib/gcc/aarch64-none-elf/11.1.0/../../../../aarch64-none-elf/lib/pic/libg.a(lib_a-mprec.o)
                0x000000000001db20                __multadd
 *fill*         0x000000000001dc28        0x8 
 .text.__s2b    0x000000000001dc30      0x138 /opt/devkitpro/devkitA64/bin/../lib/gcc/aarch64-none-elf/11.1.0/../../../../aarch64-none-elf/lib/pic/libg.a(lib_a-mprec.o)
                0x000000000001dc30                __s2b
 *fill*         0x000000000001dd68        0x8 
 .text.__hi0bits
                0x000000000001dd70       0x5c /opt/devkitpro/devkitA64/bin/../lib/gcc/aarch64-none-elf/11.1.0/../../../../aarch64-none-elf/lib/pic/libg.a(lib_a-mprec.o)
                0x000000000001dd70                __hi0bits
 *fill*         0x000000000001ddcc        0x4 
 .text.__lo0bits
                0x000000000001ddd0       0x9c /opt/devkitpro/devkitA64/bin/../lib/gcc/aarch64-none-elf/11.1.0/../../../../aarch64-none-elf/lib/pic/libg.a(lib_a-mprec.o)
                0x000000000001ddd0                __lo0bits
 *fill*         0x000000000001de6c        0x4 
 .text.__i2b    0x000000000001de70       0x4c /opt/devkitpro/devkitA64/bin/../lib/gcc/aarch64-none-elf/11.1.0/../../../../aarch64-none-elf/lib/pic/libg.a(lib_a-mprec.o)
                0x000000000001de70                __i2b
 *fill*         0x000000000001debc        0x4 
 .text.__multiply
                0x000000000001dec0      0x1e8 /opt/devkitpro/devkitA64/bin/../lib/gcc/aarch64-none-elf/11.1.0/../../../../aarch64-none-elf/lib/pic/libg.a(lib_a-mprec.o)
                0x000000000001dec0                __multiply
 *fill*         0x000000000001e0a8        0x8 
 .text.__pow5mult
                0x000000000001e0b0      0x104 /opt/devkitpro/devkitA64/bin/../lib/gcc/aarch64-none-elf/11.1.0/../../../../aarch64-none-elf/lib/pic/libg.a(lib_a-mprec.o)
                0x000000000001e0b0                __pow5mult
 *fill*         0x000000000001e1b4        0xc 
 .text.__lshift
                0x000000000001e1c0      0x178 /opt/devkitpro/devkitA64/bin/../lib/gcc/aarch64-none-elf/11.1.0/../../../../aarch64-none-elf/lib/pic/libg.a(lib_a-mprec.o)
                0x000000000001e1c0                __lshift
 *fill*         0x000000000001e338        0x8 
 .text.__mcmp   0x000000000001e340       0x50 /opt/devkitpro/devkitA64/bin/../lib/gcc/aarch64-none-elf/11.1.0/../../../../aarch64-none-elf/lib/pic/libg.a(lib_a-mprec.o)
                0x000000000001e340                __mcmp
 .text.__mdiff  0x000000000001e390      0x1b8 /opt/devkitpro/devkitA64/bin/../lib/gcc/aarch64-none-elf/11.1.0/../../../../aarch64-none-elf/lib/pic/libg.a(lib_a-mprec.o)
                0x000000000001e390                __mdiff
 *fill*         0x000000000001e548        0x8 
 .text.__ulp    0x000000000001e550       0x84 /opt/devkitpro/devkitA64/bin/../lib/gcc/aarch64-none-elf/11.1.0/../../../../aarch64-none-elf/lib/pic/libg.a(lib_a-mprec.o)
                0x000000000001e550                __ulp
 *fill*         0x000000000001e5d4        0xc 
 .text.__b2d    0x000000000001e5e0      0x164 /opt/devkitpro/devkitA64/bin/../lib/gcc/aarch64-none-elf/11.1.0/../../../../aarch64-none-elf/lib/pic/libg.a(lib_a-mprec.o)
                0x000000000001e5e0                __b2d
 *fill*         0x000000000001e744        0xc 
 .text.__d2b    0x000000000001e750      0x154 /opt/devkitpro/devkitA64/bin/../lib/gcc/aarch64-none-elf/11.1.0/../../../../aarch64-none-elf/lib/pic/libg.a(lib_a-mprec.o)
                0x000000000001e750                __d2b
 *fill*         0x000000000001e8a4        0xc 
 .text.__ratio  0x000000000001e8b0       0xa0 /opt/devkitpro/devkitA64/bin/../lib/gcc/aarch64-none-elf/11.1.0/../../../../aarch64-none-elf/lib/pic/libg.a(lib_a-mprec.o)
                0x000000000001e8b0                __ratio
 .text.__copybits
                0x000000000001e950       0x68 /opt/devkitpro/devkitA64/bin/../lib/gcc/aarch64-none-elf/11.1.0/../../../../aarch64-none-elf/lib/pic/libg.a(lib_a-mprec.o)
                0x000000000001e950                __copybits
 *fill*         0x000000000001e9b8        0x8 
 .text.__any_on
                0x000000000001e9c0       0x6c /opt/devkitpro/devkitA64/bin/../lib/gcc/aarch64-none-elf/11.1.0/../../../../aarch64-none-elf/lib/pic/libg.a(lib_a-mprec.o)
                0x000000000001e9c0                __any_on
 *fill*         0x000000000001ea2c        0x4 
 .text.realloc  0x000000000001ea30       0x2c /opt/devkitpro/devkitA64/bin/../lib/gcc/aarch64-none-elf/11.1.0/../../../../aarch64-none-elf/lib/pic/libg.a(lib_a-realloc.o)
                0x000000000001ea30                realloc
 *fill*         0x000000000001ea5c        0x4 
 .text._realloc_r
                0x000000000001ea60      0x538 /opt/devkitpro/devkitA64/bin/../lib/gcc/aarch64-none-elf/11.1.0/../../../../aarch64-none-elf/lib/pic/libg.a(lib_a-reallocr.o)
                0x000000000001ea60                _realloc_r
 *fill*         0x000000000001ef98        0x8 
 .text.__sccl   0x000000000001efa0       0xd4 /opt/devkitpro/devkitA64/bin/../lib/gcc/aarch64-none-elf/11.1.0/../../../../aarch64-none-elf/lib/pic/libg.a(lib_a-sccl.o)
                0x000000000001efa0                __sccl
 *fill*         0x000000000001f074        0xc 
 .text.nanf     0x000000000001f080        0xc /opt/devkitpro/devkitA64/bin/../lib/gcc/aarch64-none-elf/11.1.0/../../../../aarch64-none-elf/lib/pic/libg.a(lib_a-sf_nan.o)
                0x000000000001f080                nanf
 *fill*         0x000000000001f08c        0x4 
 .text.frexp    0x000000000001f090       0x7c /opt/devkitpro/devkitA64/bin/../lib/gcc/aarch64-none-elf/11.1.0/../../../../aarch64-none-elf/lib/pic/libg.a(lib_a-s_frexp.o)
                0x000000000001f090                frexp
 *fill*         0x000000000001f10c        0x4 
 .text.sprintf  0x000000000001f110       0xa8 /opt/devkitpro/devkitA64/bin/../lib/gcc/aarch64-none-elf/11.1.0/../../../../aarch64-none-elf/lib/pic/libg.a(lib_a-sprintf.o)
                0x000000000001f110                sprintf
 *fill*         0x000000000001f1b8        0x8 
 .text.stpncpy  0x000000000001f1c0       0x98 /opt/devkitpro/devkitA64/bin/../lib/gcc/aarch64-none-elf/11.1.0/../../../../aarch64-none-elf/lib/pic/libg.a(lib_a-stpncpy.o)
                0x000000000001f1c0                stpncpy
 *fill*         0x000000000001f258        0x8 
 .text._strtod_l
                0x000000000001f260     0x1164 /opt/devkitpro/devkitA64/bin/../lib/gcc/aarch64-none-elf/11.1.0/../../../../aarch64-none-elf/lib/pic/libg.a(lib_a-strtod.o)
                0x000000000001f260                _strtod_l
 *fill*         0x00000000000203c4        0xc 
 .text._strtod_r
                0x00000000000203d0       0x54 /opt/devkitpro/devkitA64/bin/../lib/gcc/aarch64-none-elf/11.1.0/../../../../aarch64-none-elf/lib/pic/libg.a(lib_a-strtod.o)